$ date -R
Wed, 01 Jun 2016 09:29:02 +1000
$ git checkout master
Already on 'master'
$ git reset --hard stable
HEAD is now at 852f42a69b93 Merge branch 'uuid' (lib/uuid fixes from Andy)
Merging origin/master (367d3fd50566 Merge branch 'for-linus' of git://git.kernel.org/pub/scm/linux/kernel/git/s390/linux)
$ git merge origin/master
Updating 852f42a69b93..367d3fd50566
Fast-forward
 arch/s390/configs/default_defconfig     | 44 ++++++++++++++++++----------
 arch/s390/configs/gcov_defconfig        | 34 +++++++++++++---------
 arch/s390/configs/performance_defconfig | 36 ++++++++++++++---------
 arch/s390/configs/zfcpdump_defconfig    |  4 +--
 arch/s390/defconfig                     | 44 ++++++++++++++++------------
 arch/s390/mm/fault.c                    |  1 +
 arch/s390/net/bpf_jit.h                 |  4 +--
 arch/s390/net/bpf_jit_comp.c            |  4 +--
 drivers/gpio/gpio-lpc32xx.c             | 48 +------------------------------
 drivers/gpio/gpiolib.c                  | 51 ++++++++++++++++++++++++++-------
 10 files changed, 144 insertions(+), 126 deletions(-)
Merging fixes/master (b31033aacbd0 of: silence warnings due to max() usage)
$ git merge fixes/master
Merge made by the 'recursive' strategy.
 drivers/of/of_reserved_mem.c | 8 ++++++--
 1 file changed, 6 insertions(+), 2 deletions(-)
Merging kbuild-current/rc-fixes (3d1450d54a4f Makefile: Force gzip and xz on module install)
$ git merge kbuild-current/rc-fixes
Already up-to-date.
Merging arc-current/for-curr (49acadff2a0c arc: Get rid of root core-frequency property)
$ git merge arc-current/for-curr
Merge made by the 'recursive' strategy.
 arch/arc/Makefile                      | 2 +-
 arch/arc/boot/dts/abilis_tb100.dtsi    | 2 --
 arch/arc/boot/dts/abilis_tb101.dtsi    | 2 --
 arch/arc/boot/dts/axc001.dtsi          | 1 -
 arch/arc/boot/dts/axc003.dtsi          | 1 -
 arch/arc/boot/dts/axc003_idu.dtsi      | 1 -
 arch/arc/boot/dts/eznps.dts            | 1 -
 arch/arc/boot/dts/nsim_700.dts         | 1 -
 arch/arc/boot/dts/nsimosci.dts         | 1 -
 arch/arc/boot/dts/nsimosci_hs.dts      | 1 -
 arch/arc/boot/dts/nsimosci_hs_idu.dts  | 1 -
 arch/arc/boot/dts/skeleton.dtsi        | 1 -
 arch/arc/boot/dts/skeleton_hs.dtsi     | 1 -
 arch/arc/boot/dts/skeleton_hs_idu.dtsi | 1 -
 arch/arc/boot/dts/vdk_axc003.dtsi      | 1 -
 arch/arc/boot/dts/vdk_axc003_idu.dtsi  | 1 -
 arch/arc/include/asm/entry-compact.h   | 4 ++--
 arch/arc/include/asm/mmu_context.h     | 2 +-
 arch/arc/include/asm/pgtable.h         | 2 +-
 arch/arc/include/asm/processor.h       | 2 +-
 arch/arc/include/asm/smp.h             | 2 +-
 arch/arc/include/asm/thread_info.h     | 2 +-
 arch/arc/include/asm/uaccess.h         | 2 +-
 arch/arc/include/uapi/asm/swab.h       | 2 +-
 arch/arc/kernel/perf_event.c           | 2 +-
 arch/arc/kernel/setup.c                | 2 +-
 arch/arc/kernel/signal.c               | 2 +-
 arch/arc/kernel/troubleshoot.c         | 2 +-
 arch/arc/mm/cache.c                    | 6 +++---
 arch/arc/mm/dma.c                      | 2 +-
 30 files changed, 18 insertions(+), 35 deletions(-)
Merging arm-current/fixes (85c42e89f312 ARM: fix PTRACE_SETVFPREGS on SMP systems)
$ git merge arm-current/fixes
Merge made by the 'recursive' strategy.
 arch/arm/kernel/ptrace.c | 2 +-
 1 file changed, 1 insertion(+), 1 deletion(-)
Merging m68k-current/for-linus (9a6462763b17 m68k/mvme16x: Include generic <linux/rtc.h>)
$ git merge m68k-current/for-linus
Already up-to-date.
Merging metag-fixes/fixes (0164a711c97b metag: Fix ioremap_wc/ioremap_cached build errors)
$ git merge metag-fixes/fixes
Already up-to-date.
Merging powerpc-fixes/fixes (8dd75ccb571f powerpc: Use privileged SPR number for MMCR2)
$ git merge powerpc-fixes/fixes
Merge made by the 'recursive' strategy.
 arch/powerpc/include/asm/reg.h               |  6 ++--
 arch/powerpc/platforms/pseries/eeh_pseries.c | 49 +++++++++++++++++++---------
 2 files changed, 36 insertions(+), 19 deletions(-)
Merging powerpc-merge-mpe/fixes (bc0195aad0da Linux 4.2-rc2)
$ git merge powerpc-merge-mpe/fixes
Already up-to-date.
Merging sparc/master (7cafc0b8bf13 sparc64: Fix return from trap window fill crashes.)
$ git merge sparc/master
Merge made by the 'recursive' strategy.
 arch/sparc/include/asm/head_64.h |  4 ++
 arch/sparc/include/asm/ttable.h  |  8 ++--
 arch/sparc/kernel/Makefile       |  1 +
 arch/sparc/kernel/rtrap_64.S     | 57 ++++-------------------
 arch/sparc/kernel/signal32.c     | 46 ++++++++++++-------
 arch/sparc/kernel/signal_32.c    | 41 +++++++++++------
 arch/sparc/kernel/signal_64.c    | 31 ++++++++-----
 arch/sparc/kernel/sigutil_32.c   |  9 +++-
 arch/sparc/kernel/sigutil_64.c   | 10 +++-
 arch/sparc/kernel/urtt_fill.S    | 98 ++++++++++++++++++++++++++++++++++++++++
 arch/sparc/mm/init_64.c          | 10 ++--
 11 files changed, 215 insertions(+), 100 deletions(-)
 create mode 100644 arch/sparc/kernel/urtt_fill.S
Merging net/master (d69d16949346 usbnet: smsc95xx: fix link detection for disabled autonegotiation)
$ git merge net/master
Auto-merging MAINTAINERS
Merge made by the 'recursive' strategy.
 Documentation/networking/dsa/dsa.txt              |  17 ++--
 Documentation/networking/ip-sysctl.txt            |   8 +-
 MAINTAINERS                                       |   1 +
 drivers/atm/firestream.c                          |   6 +-
 drivers/atm/iphase.c                              |   2 +-
 drivers/net/ethernet/arc/emac_mdio.c              |   2 +-
 drivers/net/ethernet/atheros/alx/alx.h            |   4 +
 drivers/net/ethernet/atheros/alx/main.c           |  48 +++++++++-
 drivers/net/ethernet/broadcom/bnx2x/bnx2x_main.c  |  17 ++--
 drivers/net/ethernet/ezchip/nps_enet.c            |   4 +-
 drivers/net/ethernet/freescale/fec_main.c         |   8 +-
 drivers/net/ethernet/hisilicon/hns/hns_ethtool.c  |  11 ---
 drivers/net/ethernet/marvell/mvneta_bm.c          |   1 +
 drivers/net/ethernet/mellanox/mlx4/en_ethtool.c   |   2 +-
 drivers/net/ethernet/mellanox/mlx4/en_netdev.c    |  17 ++--
 drivers/net/ethernet/mellanox/mlx4/en_port.c      |  18 ++--
 drivers/net/ethernet/mellanox/mlx4/en_tx.c        |   8 +-
 drivers/net/ethernet/mellanox/mlx4/mlx4_en.h      |   3 +-
 drivers/net/ethernet/qlogic/qed/qed_dcbx.c        |   5 +-
 drivers/net/ethernet/qlogic/qed/qed_dev.c         |  52 +++++++---
 drivers/net/ethernet/qlogic/qed/qed_main.c        |  18 ++--
 drivers/net/ethernet/qlogic/qede/qede_ethtool.c   |   5 +-
 drivers/net/ethernet/qlogic/qede/qede_main.c      |  26 ++++-
 drivers/net/ethernet/qlogic/qlge/qlge_main.c      |   3 +-
 drivers/net/ethernet/sfc/ef10.c                   |  16 ++++
 drivers/net/ethernet/sfc/rx.c                     |  75 ++++-----------
 drivers/net/ethernet/stmicro/stmmac/stmmac_mdio.c |   2 +-
 drivers/net/team/team.c                           |   9 +-
 drivers/net/usb/pegasus.c                         |   2 +-
 drivers/net/usb/smsc95xx.c                        |  51 ++++++++++
 drivers/net/virtio_net.c                          |  18 +---
 drivers/net/vxlan.c                               |   3 +
 drivers/ptp/ptp_chardev.c                         |  12 +--
 include/linux/sctp.h                              |   2 +
 include/net/ip6_tunnel.h                          |   3 +-
 include/net/pkt_sched.h                           |   1 +
 include/uapi/linux/ethtool.h                      |  11 ++-
 include/uapi/linux/pkt_cls.h                      |   4 +-
 kernel/bpf/inode.c                                |   1 -
 kernel/time/hrtimer.c                             |   1 +
 net/8021q/vlan.c                                  |   5 +
 net/8021q/vlan.h                                  |   2 +
 net/8021q/vlan_dev.c                              |  20 +++-
 net/atm/signaling.c                               |   2 +-
 net/atm/svc.c                                     |   4 +-
 net/core/hwbm.c                                   |   3 +
 net/core/pktgen.c                                 |   8 +-
 net/ieee802154/nl802154.c                         |   4 +-
 net/ipv4/af_inet.c                                |   8 ++
 net/ipv4/sysctl_net_ipv4.c                        |   4 -
 net/ipv6/Kconfig                                  |   9 ++
 net/ipv6/Makefile                                 |   2 +-
 net/ipv6/fou6.c                                   |   2 +-
 net/ipv6/ip6_gre.c                                |   3 +
 net/l2tp/l2tp_ip6.c                               |  12 ++-
 net/lapb/lapb_in.c                                |   5 +-
 net/lapb/lapb_out.c                               |   4 +-
 net/lapb/lapb_subr.c                              |  14 +--
 net/openvswitch/actions.c                         |  20 +++-
 net/sched/act_police.c                            |  11 +++
 net/sched/sch_api.c                               |   4 +
 net/sched/sch_htb.c                               |  13 +--
 net/sctp/sctp_diag.c                              |   3 +
 net/sctp/socket.c                                 |   1 +
 net/tipc/netlink_compat.c                         | 111 ++++++++++++++++++----
 65 files changed, 525 insertions(+), 246 deletions(-)
Merging ipsec/master (d6af1a31cc72 vti: Add pmtu handling to vti_xmit.)
$ git merge ipsec/master
Already up-to-date.
Merging ipvs/master (f28f20da704d Merge git://git.kernel.org/pub/scm/linux/kernel/git/davem/net)
$ git merge ipvs/master
Already up-to-date.
Merging wireless-drivers/master (de26859dcf36 rtlwifi: Fix scheduling while atomic error from commit 49f86ec21c01)
$ git merge wireless-drivers/master
Merge made by the 'recursive' strategy.
 .../net/wireless/broadcom/brcm80211/brcmfmac/cfg80211.c  | 16 ++++++++++++++++
 drivers/net/wireless/realtek/rtlwifi/core.c              |  6 +++---
 2 files changed, 19 insertions(+), 3 deletions(-)
Merging mac80211/master (6fe04128f158 mac80211: fix fast_tx header alignment)
$ git merge mac80211/master
Merge made by the 'recursive' strategy.
 drivers/net/wireless/mac80211_hwsim.c | 1 +
 net/mac80211/mesh.c                   | 4 ++++
 net/mac80211/sta_info.h               | 2 +-
 3 files changed, 6 insertions(+), 1 deletion(-)
Merging sound-current/for-linus (0358ccc8ffd8 ALSA: uapi: Add three missing header files to Kbuild file)
$ git merge sound-current/for-linus
Merge made by the 'recursive' strategy.
 include/uapi/sound/Kbuild     |  3 ++
 sound/pci/hda/patch_realtek.c | 68 +++++++++++++++++++++++++++++++++++++++----
 2 files changed, 66 insertions(+), 5 deletions(-)
Merging pci-current/for-linus (1a695a905c18 Linux 4.7-rc1)
$ git merge pci-current/for-linus
Already up-to-date.
Merging driver-core.current/driver-core-linus (1a695a905c18 Linux 4.7-rc1)
$ git merge driver-core.current/driver-core-linus
Already up-to-date.
Merging tty.current/tty-linus (1a695a905c18 Linux 4.7-rc1)
$ git merge tty.current/tty-linus
Already up-to-date.
Merging usb.current/usb-linus (1a695a905c18 Linux 4.7-rc1)
$ git merge usb.current/usb-linus
Already up-to-date.
Merging usb-gadget-fixes/fixes (27a0faafdca5 usb: dwc3: st: Fix USB_DR_MODE_PERIPHERAL configuration.)
$ git merge usb-gadget-fixes/fixes
Merge made by the 'recursive' strategy.
 Documentation/ABI/testing/configfs-usb-gadget-uvc | 58 +++++++++++------------
 drivers/usb/dwc2/core.h                           | 27 +++++++++++
 drivers/usb/dwc2/gadget.c                         | 24 ++++++++--
 drivers/usb/dwc3/dwc3-exynos.c                    | 19 ++++----
 drivers/usb/dwc3/dwc3-st.c                        | 10 +++-
 drivers/usb/gadget/composite.c                    | 21 ++++----
 drivers/usb/gadget/configfs.c                     |  1 +
 drivers/usb/gadget/function/f_fs.c                | 30 ++++++------
 drivers/usb/gadget/function/f_printer.c           |  8 ----
 drivers/usb/gadget/function/f_tcm.c               | 20 ++++----
 drivers/usb/gadget/function/f_uac2.c              | 13 +----
 drivers/usb/gadget/function/storage_common.c      |  4 +-
 drivers/usb/gadget/legacy/inode.c                 | 17 +++++--
 drivers/usb/gadget/udc/udc-core.c                 | 12 +++--
 include/linux/usb/gadget.h                        |  3 ++
 15 files changed, 161 insertions(+), 106 deletions(-)
Merging usb-serial-fixes/usb-linus (74d2a91aec97 USB: serial: option: add even more ZTE device ids)
$ git merge usb-serial-fixes/usb-linus
Already up-to-date.
Merging usb-chipidea-fixes/ci-for-usb-stable (d144dfea8af7 usb: chipidea: otg: change workqueue ci_otg as freezable)
$ git merge usb-chipidea-fixes/ci-for-usb-stable
Already up-to-date.
Merging staging.current/staging-linus (1a695a905c18 Linux 4.7-rc1)
$ git merge staging.current/staging-linus
Already up-to-date.
Merging char-misc.current/char-misc-linus (1a695a905c18 Linux 4.7-rc1)
$ git merge char-misc.current/char-misc-linus
Already up-to-date.
Merging input-current/for-linus (f49cf3b8b4c8 Input: pwm-beeper - fix - scheduling while atomic)
$ git merge input-current/for-linus
Already up-to-date.
Merging crypto-current/master (ab6a11a7c8ef crypto: ccp - Fix AES XTS error for request sizes above 4096)
$ git merge crypto-current/master
Already up-to-date.
Merging ide/master (1993b176a822 Merge git://git.kernel.org/pub/scm/linux/kernel/git/davem/ide)
$ git merge ide/master
Already up-to-date.
Merging devicetree-current/devicetree/merge (f76502aa9140 of/dynamic: Fix test for PPC_PSERIES)
$ git merge devicetree-current/devicetree/merge
Already up-to-date.
Merging rr-fixes/fixes (8244062ef1e5 modules: fix longstanding /proc/kallsyms vs module insertion race.)
$ git merge rr-fixes/fixes
Already up-to-date.
Merging vfio-fixes/for-linus (089f1c6b2dae vfio/type1: Fix build warning)
$ git merge vfio-fixes/for-linus
Merge made by the 'recursive' strategy.
 drivers/vfio/pci/vfio_pci_intrs.c | 6 +++---
 drivers/vfio/vfio_iommu_type1.c   | 2 +-
 2 files changed, 4 insertions(+), 4 deletions(-)
Merging kselftest-fixes/fixes (505ce68c6da3 selftest/seccomp: Fix the seccomp(2) signature)
$ git merge kselftest-fixes/fixes
Already up-to-date.
Merging backlight-fixes/for-backlight-fixes (68feaca0b13e backlight: pwm: Handle EPROBE_DEFER while requesting the PWM)
$ git merge backlight-fixes/for-backlight-fixes
Already up-to-date.
Merging ftrace-fixes/for-next-urgent (6224beb12e19 tracing: Have branch tracer use recursive field of task struct)
$ git merge ftrace-fixes/for-next-urgent
Already up-to-date.
Merging mfd-fixes/for-mfd-fixes (1b52e50f2a40 mfd: max77843: Fix max77843_chg_init() return on error)
$ git merge mfd-fixes/for-mfd-fixes
Already up-to-date.
Merging drm-intel-fixes/for-linux-next-fixes (1a695a905c18 Linux 4.7-rc1)
$ git merge drm-intel-fixes/for-linux-next-fixes
Already up-to-date.
Merging asm-generic/master (b0da6d44157a asm-generic: Drop renameat syscall from default list)
$ git merge asm-generic/master
Already up-to-date.
Merging arc/for-next (776d7f1694a7 arc: axs103_smp: Fix CPU frequency to 100MHz for dual-core)
$ git merge arc/for-next
Already up-to-date.
Merging arm/for-next (6a606d21bc0d Merge branches 'component' and 'fixes' into for-next)
$ git merge arm/for-next
Recorded preimage for 'drivers/gpu/drm/rockchip/rockchip_drm_drv.c'
Auto-merging drivers/iommu/mtk_iommu.c
Auto-merging drivers/gpu/drm/sti/sti_drv.c
Auto-merging drivers/gpu/drm/rockchip/rockchip_drm_drv.c
CONFLICT (content): Merge conflict in drivers/gpu/drm/rockchip/rockchip_drm_drv.c
Auto-merging drivers/gpu/drm/msm/msm_drv.c
Auto-merging drivers/gpu/drm/armada/armada_drv.c
Auto-merging drivers/gpu/drm/arm/hdlcd_drv.c
Automatic merge failed; fix conflicts and then commit the result.
$ git commit -v -a
Recorded resolution for 'drivers/gpu/drm/rockchip/rockchip_drm_drv.c'.
[master db2796e85564] Merge remote-tracking branch 'arm/for-next'
$ git diff -M --stat --summary HEAD^..
 drivers/gpu/drm/arm/hdlcd_drv.c             | 10 ++++++++--
 drivers/gpu/drm/armada/armada_drv.c         |  9 +++++++--
 drivers/gpu/drm/drm_of.c                    | 13 +++++++++----
 drivers/gpu/drm/msm/msm_drv.c               |  8 +++++++-
 drivers/gpu/drm/rockchip/rockchip_drm_drv.c | 13 ++++++++++---
 drivers/gpu/drm/sti/sti_drv.c               |  9 +++++++--
 drivers/gpu/drm/tilcdc/tilcdc_external.c    |  9 +++++++--
 drivers/iommu/mtk_iommu.c                   | 13 ++++++++++---
 8 files changed, 65 insertions(+), 19 deletions(-)
Merging arm-perf/for-next/perf (4ba2578fa7b5 arm64: perf: don't expose CHAIN event in sysfs)
$ git merge arm-perf/for-next/perf
Already up-to-date.
Merging arm-soc/for-next (d6be64b09dd1 Merge branch 'fixes' into for-next)
$ git merge arm-soc/for-next
Already up-to-date!
Merge made by the 'recursive' strategy.
Merging at91/at91-next (5a0d7c6a48ae Merge branch 'at91-4.7-defconfig' into at91-next)
$ git merge at91/at91-next
Already up-to-date!
Merge made by the 'recursive' strategy.
Merging bcm2835-dt/bcm2835-dt-next (6a93792774fc ARM: bcm2835: dt: Add the ethernet to the device trees)
$ git merge bcm2835-dt/bcm2835-dt-next
Merge made by the 'recursive' strategy.
 arch/arm/boot/dts/bcm2835-rpi-b-plus.dts    |  1 +
 arch/arm/boot/dts/bcm2835-rpi-b-rev2.dts    |  1 +
 arch/arm/boot/dts/bcm2835-rpi-b.dts         |  1 +
 arch/arm/boot/dts/bcm2836-rpi-2-b.dts       |  1 +
 arch/arm/boot/dts/bcm283x-rpi-smsc9512.dtsi | 19 +++++++++++++++++++
 arch/arm/boot/dts/bcm283x-rpi-smsc9514.dtsi | 19 +++++++++++++++++++
 arch/arm/boot/dts/bcm283x.dtsi              |  2 ++
 7 files changed, 44 insertions(+)
 create mode 100644 arch/arm/boot/dts/bcm283x-rpi-smsc9512.dtsi
 create mode 100644 arch/arm/boot/dts/bcm283x-rpi-smsc9514.dtsi
Merging bcm2835-soc/bcm2835-soc-next (92e963f50fc7 Linux 4.5-rc1)
$ git merge bcm2835-soc/bcm2835-soc-next
Already up-to-date.
Merging bcm2835-drivers/bcm2835-drivers-next (92e963f50fc7 Linux 4.5-rc1)
$ git merge bcm2835-drivers/bcm2835-drivers-next
Already up-to-date.
Merging bcm2835-defconfig/bcm2835-defconfig-next (1a695a905c18 Linux 4.7-rc1)
$ git merge bcm2835-defconfig/bcm2835-defconfig-next
Already up-to-date.
Merging berlin/berlin/for-next (9a7e06833249 Merge branch 'berlin/fixes' into berlin/for-next)
$ git merge berlin/berlin/for-next
Already up-to-date!
Merge made by the 'recursive' strategy.
Merging cortex-m/for-next (f719a0d6a854 ARM: efm32: switch to vendor,device compatible strings)
$ git merge cortex-m/for-next
Already up-to-date.
Merging imx-mxs/for-next (63b44471754b Merge branch 'imx/defconfig64' into for-next)
$ git merge imx-mxs/for-next
Already up-to-date!
Merge made by the 'recursive' strategy.
Merging keystone/next (02e15d234006 Merge branch 'for_4.7/kesytone' into next)
$ git merge keystone/next
Already up-to-date!
Merge made by the 'recursive' strategy.
Merging mvebu/for-next (01316cded75b Merge branch 'mvebu/defconfig' into mvebu/for-next)
$ git merge mvebu/for-next
Already up-to-date!
Merge made by the 'recursive' strategy.
Merging omap/for-next (5c66191b5c76 Merge branch 'omap-for-v4.7/dt' into for-next)
$ git merge omap/for-next
Auto-merging arch/arm/boot/dts/dm814x-clocks.dtsi
Merge made by the 'recursive' strategy.
 arch/arm/boot/dts/am57xx-idk-common.dtsi     | 32 ++++++++++---------
 arch/arm/boot/dts/dm8148-evm.dts             |  8 +++++
 arch/arm/boot/dts/dm8148-t410.dts            |  9 ++++++
 arch/arm/boot/dts/dm814x-clocks.dtsi         |  4 +--
 arch/arm/boot/dts/dra7.dtsi                  |  2 ++
 arch/arm/boot/dts/omap3-evm-37xx.dts         |  2 +-
 arch/arm/boot/dts/omap3-igep.dtsi            |  1 +
 arch/arm/boot/dts/omap3-igep0020-common.dtsi | 11 +++++++
 arch/arm/boot/dts/omap3-n900.dts             |  4 +--
 arch/arm/boot/dts/omap3-n950-n9.dtsi         |  6 ++--
 arch/arm/boot/dts/omap3-zoom3.dts            |  6 ++--
 arch/arm/boot/dts/omap5-board-common.dtsi    | 48 ++++++++++++++++++++++++++--
 arch/arm/boot/dts/omap5-igep0050.dts         | 26 +++++++++++++++
 arch/arm/boot/dts/omap5-uevm.dts             | 10 ++++++
 arch/arm/mach-omap2/Kconfig                  | 10 ++++++
 arch/arm/mach-omap2/omap-secure.h            |  1 +
 arch/arm/mach-omap2/omap-smp.c               | 48 +++++++++++++++++++++++++---
 17 files changed, 195 insertions(+), 33 deletions(-)
Merging omap-pending/for-next (c20c8f750d9f ARM: OMAP2+: hwmod: fix _idle() hwmod state sanity check sequence)
$ git merge omap-pending/for-next
Already up-to-date.
Merging qcom/for-next (eb8e0105700b firmware: qcom_scm: Make core clock optional)
$ git merge qcom/for-next
Auto-merging arch/arm/boot/dts/qcom-apq8064.dtsi
Merge made by the 'recursive' strategy.
 .../devicetree/bindings/firmware/qcom,scm.txt      |  28 ++
 arch/arm/boot/dts/qcom-apq8064.dtsi                |   6 +
 arch/arm/boot/dts/qcom-apq8084.dtsi                |   8 +
 arch/arm/boot/dts/qcom-msm8974.dtsi                |   8 +
 arch/arm64/boot/dts/qcom/msm8916.dtsi              |   8 +
 drivers/firmware/qcom_scm-32.c                     | 360 +++++++++++----------
 drivers/firmware/qcom_scm-64.c                     | 291 ++++++++++++++++-
 drivers/firmware/qcom_scm.c                        | 307 +++++++++++++++++-
 drivers/firmware/qcom_scm.h                        |  45 ++-
 include/linux/qcom_scm.h                           |   8 +
 10 files changed, 876 insertions(+), 193 deletions(-)
 create mode 100644 Documentation/devicetree/bindings/firmware/qcom,scm.txt
Merging renesas/next (1df83bd17bee Merge branches 'heads/arm64-dt-for-v4.8', 'heads/dt-for-v4.8', 'heads/soc-for-v4.8' and 'heads/sh-drivers-for-v4.8' into next)
$ git merge renesas/next
Auto-merging MAINTAINERS
Merge made by the 'recursive' strategy.
 MAINTAINERS                                        |   1 -
 arch/arm/boot/dts/emev2-kzm9d.dts                  |  16 +-
 arch/arm/boot/dts/emev2.dtsi                       |  26 +--
 arch/arm/boot/dts/r7s72100-genmai.dts              |   2 +-
 arch/arm/boot/dts/r8a73a4-ape6evm.dts              |   8 +-
 arch/arm/boot/dts/r8a73a4.dtsi                     |  34 +--
 arch/arm/boot/dts/r8a7740-armadillo800eva.dts      |  12 +-
 arch/arm/boot/dts/r8a7740.dtsi                     |   2 +-
 arch/arm/boot/dts/r8a7778-bockw.dts                |   5 +-
 arch/arm/boot/dts/r8a7778.dtsi                     |  28 +--
 arch/arm/boot/dts/r8a7779-marzen.dts               |   4 +-
 arch/arm/boot/dts/r8a7790-lager.dts                |  20 +-
 arch/arm/boot/dts/r8a7790.dtsi                     | 232 ++++++++++++---------
 arch/arm/boot/dts/r8a7791-koelsch.dts              |  12 +-
 arch/arm/boot/dts/r8a7791-porter.dts               |   8 +-
 arch/arm/boot/dts/r8a7791.dtsi                     | 224 +++++++++++---------
 arch/arm/boot/dts/r8a7793-gose.dts                 |  12 +-
 arch/arm/boot/dts/r8a7793.dtsi                     | 198 +++++++++++-------
 arch/arm/boot/dts/r8a7794-silk.dts                 |   6 +-
 arch/arm/boot/dts/r8a7794.dtsi                     | 132 +++++++-----
 arch/arm/boot/dts/sh73a0-kzm9g.dts                 |  11 +-
 arch/arm/boot/dts/sh73a0.dtsi                      |   2 +-
 arch/arm/mach-shmobile/pm-rcar-gen2.c              |  13 +-
 arch/arm/mach-shmobile/pm-rmobile.c                |   2 +-
 arch/arm64/boot/dts/renesas/r8a7795-salvator-x.dts |  14 +-
 arch/arm64/boot/dts/renesas/r8a7795.dtsi           |  98 +++++----
 drivers/Makefile                                   |   1 -
 drivers/sh/pm_runtime.c                            |   9 -
 include/dt-bindings/clock/r8a7794-clock.h          |   1 -
 29 files changed, 640 insertions(+), 493 deletions(-)
Merging rockchip/for-next (bc64bf4164ed Merge branch 'v4.7-clk/fixes' into for-next)
$ git merge rockchip/for-next
Merge made by the 'recursive' strategy.
 arch/arm/boot/dts/rk3288-firefly.dtsi             |  31 ++++---
 arch/arm/boot/dts/rk3288-miqi.dts                 |  26 +++---
 arch/arm/boot/dts/rk3288-popmetal.dts             |  31 ++++---
 arch/arm/boot/dts/rk3288-rock2-som.dtsi           |  31 ++++---
 arch/arm/boot/dts/rk3288-veyron-analog-audio.dtsi | 101 ++++++++++++++++++++++
 arch/arm/boot/dts/rk3288-veyron-chromebook.dtsi   |   1 +
 arch/arm/boot/dts/rk3288-veyron.dtsi              |  31 ++++---
 arch/arm/boot/dts/rk3288.dtsi                     |   5 ++
 arch/arm64/boot/dts/rockchip/rk3368-r88.dts       |  16 ++++
 arch/arm64/boot/dts/rockchip/rk3368.dtsi          |  16 +++-
 arch/arm64/boot/dts/rockchip/rk3399-evb.dts       |  12 +++
 arch/arm64/boot/dts/rockchip/rk3399.dtsi          |  54 +++++++++++-
 drivers/clk/rockchip/clk-cpu.c                    |   4 +-
 drivers/clk/rockchip/clk-mmc-phase.c              |  12 +--
 drivers/clk/rockchip/clk-rk3399.c                 |  15 +++-
 15 files changed, 292 insertions(+), 94 deletions(-)
 create mode 100644 arch/arm/boot/dts/rk3288-veyron-analog-audio.dtsi
Merging rpi/for-rpi-next (bc0195aad0da Linux 4.2-rc2)
$ git merge rpi/for-rpi-next
Already up-to-date.
Merging samsung/for-next (92e963f50fc7 Linux 4.5-rc1)
$ git merge samsung/for-next
Already up-to-date.
Merging samsung-krzk/for-next (b68cbd51dbe4 Merge branch 'for-v4.8/dts-exynos5410-odroid-xu' into for-next)
$ git merge samsung-krzk/for-next
Auto-merging drivers/soc/samsung/pm_domains.c
Removing arch/arm/mach-exynos/s5p-dev-mfc.c
Removing arch/arm/mach-exynos/mfc.h
Removing arch/arm/boot/dts/exynos5422-cpu-thermal.dtsi
Merge made by the 'recursive' strategy.
 .../bindings/arm/samsung/samsung-boards.txt        |    1 +
 arch/arm/boot/dts/Makefile                         |    1 +
 arch/arm/boot/dts/exynos4412-odroid-common.dtsi    |   28 +-
 arch/arm/boot/dts/exynos4412-odroidu3.dts          |   18 +
 arch/arm/boot/dts/exynos4412-odroidx.dts           |   11 +
 arch/arm/boot/dts/exynos4412-odroidx2.dts          |   11 +
 arch/arm/boot/dts/exynos4412-origen.dts            |   16 +
 arch/arm/boot/dts/exynos4412-trats2.dts            |    4 +-
 arch/arm/boot/dts/exynos5.dtsi                     |  215 +-
 arch/arm/boot/dts/exynos5250-snow-common.dtsi      |    2 +-
 arch/arm/boot/dts/exynos5250.dtsi                  | 1701 ++++++------
 arch/arm/boot/dts/exynos5410-odroidxu.dts          |  121 +
 arch/arm/boot/dts/exynos5410-pinctrl.dtsi          |  210 ++
 arch/arm/boot/dts/exynos5410-smdk5410.dts          |    6 +-
 arch/arm/boot/dts/exynos5410.dtsi                  |  270 +-
 arch/arm/boot/dts/exynos5420-peach-pit.dts         |    5 -
 arch/arm/boot/dts/exynos5420-pinctrl.dtsi          |   12 +-
 arch/arm/boot/dts/exynos5420.dtsi                  | 2770 +++++++++-----------
 arch/arm/boot/dts/exynos5422-cpu-thermal.dtsi      |  103 -
 arch/arm/boot/dts/exynos5422-odroidxu3-common.dtsi |   93 +-
 arch/arm/boot/dts/exynos5422-odroidxu3-lite.dts    |   35 +-
 arch/arm/boot/dts/exynos5422-odroidxu3.dts         |   35 +-
 arch/arm/boot/dts/exynos54xx-odroidxu-leds.dtsi    |   50 +
 arch/arm/boot/dts/exynos54xx.dtsi                  |  188 ++
 arch/arm/boot/dts/exynos5800-peach-pi.dts          |    5 -
 arch/arm/configs/exynos_defconfig                  |   14 +-
 arch/arm/configs/multi_v7_defconfig                |   11 +-
 arch/arm/mach-exynos/Kconfig                       |    2 +-
 arch/arm/mach-exynos/Makefile                      |    3 -
 arch/arm/mach-exynos/exynos.c                      |   19 -
 arch/arm/mach-exynos/mfc.h                         |   16 -
 arch/arm/mach-exynos/s5p-dev-mfc.c                 |   93 -
 arch/arm/mach-s3c24xx/include/mach/regs-gpio.h     |    2 +-
 arch/arm/mach-s3c24xx/iotiming-s3c2410.c           |    2 +-
 arch/arm/mach-s3c24xx/mach-n30.c                   |    2 +-
 arch/arm/mach-s3c24xx/mach-osiris-dvs.c            |    2 +-
 arch/arm/mach-s3c64xx/include/mach/map.h           |    2 +-
 arch/arm/plat-samsung/devs.c                       |    2 +-
 arch/arm/plat-samsung/include/plat/cpu-freq-core.h |    2 +-
 arch/arm/plat-samsung/include/plat/fb-s3c2410.h    |    2 +-
 arch/arm/plat-samsung/include/plat/gpio-cfg.h      |    2 +-
 arch/arm/plat-samsung/pm-check.c                   |    2 +-
 arch/arm/plat-samsung/watchdog-reset.c             |    2 +-
 arch/arm64/Kconfig.platforms                       |    1 +
 arch/arm64/boot/dts/exynos/exynos7.dtsi            |   13 +-
 drivers/soc/samsung/Kconfig                        |    4 +
 drivers/soc/samsung/Makefile                       |    1 +
 .../soc/samsung}/pm_domains.c                      |   34 +-
 include/dt-bindings/clock/exynos5410.h             |   73 +-
 49 files changed, 3300 insertions(+), 2917 deletions(-)
 create mode 100644 arch/arm/boot/dts/exynos5410-odroidxu.dts
 delete mode 100644 arch/arm/boot/dts/exynos5422-cpu-thermal.dtsi
 create mode 100644 arch/arm/boot/dts/exynos54xx-odroidxu-leds.dtsi
 create mode 100644 arch/arm/boot/dts/exynos54xx.dtsi
 delete mode 100644 arch/arm/mach-exynos/mfc.h
 delete mode 100644 arch/arm/mach-exynos/s5p-dev-mfc.c
 rename {arch/arm/mach-exynos => drivers/soc/samsung}/pm_domains.c (85%)
Merging tegra/for-next (5c282bc9d0a3 Merge branch for-4.7/defconfig into for-next)
$ git merge tegra/for-next
Merge made by the 'recursive' strategy.
 arch/arm/boot/dts/tegra30-beaver.dts | 39 ++++++++++++++++++++++--------------
 1 file changed, 24 insertions(+), 15 deletions(-)
Merging arm64/for-next/core (e6d9a5254333 arm64: do not enforce strict 16 byte alignment to stack pointer)
$ git merge arm64/for-next/core
Already up-to-date.
Merging blackfin/for-linus (391e74a51ea2 eth: bf609 eth clock: add pclk clock for stmmac driver probe)
$ git merge blackfin/for-linus
Resolved 'arch/blackfin/mach-common/pm.c' using previous resolution.
Auto-merging arch/blackfin/mach-common/pm.c
CONFLICT (content): Merge conflict in arch/blackfin/mach-common/pm.c
Automatic merge failed; fix conflicts and then commit the result.
$ git commit -v -a
[master e71b4dd03d4d] Merge remote-tracking branch 'blackfin/for-linus'
$ git diff -M --stat --summary HEAD^..
Merging c6x/for-linux-next (ca3060d39ae7 c6x: Use generic clkdev.h header)
$ git merge c6x/for-linux-next
Already up-to-date.
Merging cris/for-next (f9f3f864b5e8 cris: Fix section mismatches in architecture startup code)
$ git merge cris/for-next
Already up-to-date.
Merging h8300/h8300-next (8cad489261c5 h8300: switch EARLYCON)
$ git merge h8300/h8300-next
Already up-to-date.
Merging hexagon/linux-next (02cc2ccfe771 Revert "Hexagon: fix signal.c compile error")
$ git merge hexagon/linux-next
Already up-to-date.
Merging ia64/next (787ca32dc704 ia64/unaligned: Silence another GCC warning about an uninitialised variable)
$ git merge ia64/next
Already up-to-date.
Merging m68k/for-next (9a6462763b17 m68k/mvme16x: Include generic <linux/rtc.h>)
$ git merge m68k/for-next
Already up-to-date.
Merging m68knommu/for-next (1a695a905c18 Linux 4.7-rc1)
$ git merge m68knommu/for-next
Already up-to-date.
Merging metag/for-next (592ddeeff8cb metag: Fix typos)
$ git merge metag/for-next
Auto-merging arch/metag/include/asm/metag_regs.h
Merge made by the 'recursive' strategy.
 arch/metag/include/asm/metag_mem.h  | 2 +-
 arch/metag/include/asm/metag_regs.h | 2 +-
 arch/metag/kernel/cachepart.c       | 2 +-
 arch/metag/lib/divsi3.S             | 4 ++--
 4 files changed, 5 insertions(+), 5 deletions(-)
Merging microblaze/next (52e9e6e05617 microblaze: pci: export isa_io_base to fix link errors)
$ git merge microblaze/next
Already up-to-date.
Merging mips/mips-for-linux-next (b02b1fbdd338 Merge tag 'scsi-fixes' of git://git.kernel.org/pub/scm/linux/kernel/git/jejb/scsi)
$ git merge mips/mips-for-linux-next
Already up-to-date.
Merging nios2/for-next (9fa78f63a892 nios2: Add order-only DTC dependency to %.dtb target)
$ git merge nios2/for-next
Already up-to-date.
Merging parisc-hd/for-next (57f3ea7a3d6e parisc: Fix backtrace on PA-RISC)
$ git merge parisc-hd/for-next
Merge made by the 'recursive' strategy.
 arch/parisc/kernel/unwind.c | 22 ++++++++++++++--------
 1 file changed, 14 insertions(+), 8 deletions(-)
Merging powerpc/next (138a076496e6 Merge branch 'next' of git://git.kernel.org/pub/scm/linux/kernel/git/scottwood/linux into next)
$ git merge powerpc/next
Already up-to-date.
Merging powerpc-mpe/next (bc0195aad0da Linux 4.2-rc2)
$ git merge powerpc-mpe/next
Already up-to-date.
Merging fsl/next (1eef33bec12d powerpc/86xx: Fix PCI interrupt map definition)
$ git merge fsl/next
Already up-to-date.
Merging mpc5xxx/next (39e69f55f857 powerpc: Introduce the use of the managed version of kzalloc)
$ git merge mpc5xxx/next
Already up-to-date.
Merging s390/features (5e19a42ac6d9 s390/cpuinfo: show dynamic and static cpu mhz)
$ git merge s390/features
Auto-merging arch/s390/include/asm/pgtable.h
Merge made by the 'recursive' strategy.
 arch/s390/include/asm/jump_label.h |   1 +
 arch/s390/include/asm/pgtable.h    | 199 ++++++++++++++++++++++++----
 arch/s390/include/asm/processor.h  |  17 ++-
 arch/s390/include/asm/tlbflush.h   |  15 +--
 arch/s390/kernel/cache.c           |   7 +-
 arch/s390/kernel/processor.c       | 113 +++++++++++-----
 arch/s390/kernel/setup.c           |   1 +
 arch/s390/mm/dump_pagetables.c     |   2 +-
 arch/s390/mm/pageattr.c            | 263 ++++++++++++++++++++++++++++++++-----
 arch/s390/mm/vmem.c                |  68 +++++-----
 drivers/s390/char/keyboard.c       |  15 +--
 drivers/s390/char/sclp_config.c    |   2 +-
 12 files changed, 545 insertions(+), 158 deletions(-)
Merging sparc-next/master (9f935675d41a Merge branch 'for-linus' of git://git.kernel.org/pub/scm/linux/kernel/git/dtor/input)
$ git merge sparc-next/master
Already up-to-date.
Merging tile/master (bdf03e59f8c1 Fix typo)
$ git merge tile/master
Already up-to-date.
Merging uml/linux-next (a78ff1112263 um: add extended processor state save/restore support)
$ git merge uml/linux-next
Already up-to-date.
Merging unicore32/unicore32 (c83d8b2fc986 unicore32: mm: Add missing parameter to arch_vma_access_permitted)
$ git merge unicore32/unicore32
Merge made by the 'recursive' strategy.
 arch/unicore32/include/asm/mmu_context.h | 2 +-
 1 file changed, 1 insertion(+), 1 deletion(-)
Merging xtensa/for_next (9da8320bb977 xtensa: add test_kc705_hifi variant)
$ git merge xtensa/for_next
Already up-to-date.
Merging btrfs/next (c315ef8d9db7 Merge branch 'for-chris-4.7' of git://git.kernel.org/pub/scm/linux/kernel/git/fdmanana/linux into for-linus-4.7)
$ git merge btrfs/next
Already up-to-date.
Merging btrfs-kdave/for-next (33e66059b7ad Merge branch 'for-next-next-4.7-20160527' into for-next-20160527)
$ git merge btrfs-kdave/for-next
Merge made by the 'recursive' strategy.
 fs/btrfs/ctree.h             |  15 +-
 fs/btrfs/delayed-inode.c     |  95 +++---
 fs/btrfs/delayed-inode.h     |  10 +-
 fs/btrfs/extent-tree.c       | 726 +++++++++++++++++++++++++++----------------
 fs/btrfs/file.c              |  48 +--
 fs/btrfs/inode.c             |  26 +-
 fs/btrfs/relocation.c        |  45 +--
 include/trace/events/btrfs.h | 139 ++++++++-
 8 files changed, 732 insertions(+), 372 deletions(-)
Merging ceph/master (4a3262b17c96 libceph: use %s instead of %pE in dout()s)
$ git merge ceph/master
Merge made by the 'recursive' strategy.
 fs/ceph/file.c                  |  8 +++----
 include/linux/ceph/osd_client.h |  5 ++++
 include/linux/ceph/osdmap.h     |  5 ----
 net/ceph/osd_client.c           | 51 ++++++++++++++++++++---------------------
 net/ceph/osdmap.c               |  4 ++--
 5 files changed, 36 insertions(+), 37 deletions(-)
Merging cifs/for-next (3bdc426e2497 cifs: dynamic allocation of ntlmssp blob)
$ git merge cifs/for-next
Merge made by the 'recursive' strategy.
 fs/cifs/cifsfs.c   |  3 +++
 fs/cifs/cifsglob.h |  1 +
 fs/cifs/file.c     | 14 +++++++---
 fs/cifs/ntlmssp.h  |  2 +-
 fs/cifs/sess.c     | 78 ++++++++++++++++++++++++++++++------------------------
 fs/cifs/smb2pdu.c  | 10 ++-----
 6 files changed, 61 insertions(+), 47 deletions(-)
Merging configfs/for-next (96c22a329351 configfs: fix CONFIGFS_BIN_ATTR_[RW]O definitions)
$ git merge configfs/for-next
Already up-to-date.
Merging ecryptfs/next (933c32fe0e42 ecryptfs: drop null test before destroy functions)
$ git merge ecryptfs/next
Auto-merging fs/ecryptfs/main.c
Merge made by the 'recursive' strategy.
 fs/ecryptfs/main.c | 3 +--
 1 file changed, 1 insertion(+), 2 deletions(-)
Merging ext3/for_next (b9d8905e4a75 reiserfs: check kstrdup failure)
$ git merge ext3/for_next
Merge made by the 'recursive' strategy.
 fs/reiserfs/super.c |  9 +++++++--
 fs/udf/partition.c  | 13 +++++++++----
 fs/udf/super.c      | 22 ++++++++++++----------
 fs/udf/udf_sb.h     |  5 +++++
 4 files changed, 33 insertions(+), 16 deletions(-)
Merging ext4/dev (12735f881952 ext4: pre-zero allocated blocks for DAX IO)
$ git merge ext4/dev
Already up-to-date.
Merging f2fs/dev (b02b1fbdd338 Merge tag 'scsi-fixes' of git://git.kernel.org/pub/scm/linux/kernel/git/jejb/scsi)
$ git merge f2fs/dev
Already up-to-date.
Merging fscache/fscache (b00c2ae2ed3c FS-Cache: Don't override netfs's primary_index if registering failed)
$ git merge fscache/fscache
Merge made by the 'recursive' strategy.
Merging fuse/for-next (4441f63ab7e5 fuse: update mailing list in MAINTAINERS)
$ git merge fuse/for-next
Already up-to-date.
Merging gfs2/for-next (29567292c0b5 Merge tag 'for-linus-4.7-rc0-tag' of git://git.kernel.org/pub/scm/linux/kernel/git/xen/tip)
$ git merge gfs2/for-next
Already up-to-date.
Merging jfs/jfs-next (6ed71e9819ac jfs: Coalesce some formats)
$ git merge jfs/jfs-next
Already up-to-date.
Merging nfs/linux-next (1a695a905c18 Linux 4.7-rc1)
$ git merge nfs/linux-next
Already up-to-date.
Merging nfsd/nfsd-next (9e62f931dd07 rpc: share one xps between all backchannels)
$ git merge nfsd/nfsd-next
Auto-merging net/sunrpc/xprtsock.c
Auto-merging net/sunrpc/clnt.c
Auto-merging include/linux/sunrpc/xprt.h
Auto-merging include/linux/sunrpc/clnt.h
Merge made by the 'recursive' strategy.
 fs/nfsd/nfs4callback.c          | 18 +-----------------
 include/linux/sunrpc/clnt.h     |  2 --
 include/linux/sunrpc/svc_xprt.h |  1 +
 include/linux/sunrpc/xprt.h     |  1 +
 net/sunrpc/clnt.c               | 31 +++++++++++++++++++++++++------
 net/sunrpc/svc_xprt.c           |  2 ++
 net/sunrpc/xprtsock.c           |  1 +
 7 files changed, 31 insertions(+), 25 deletions(-)
Merging orangefs/for-next (2dcd0af568b0 Linux 4.6)
$ git merge orangefs/for-next
Already up-to-date.
Merging overlayfs/overlayfs-next (7d43ba76af20 ovl: store ovl_entry in inode->i_private for all inodes)
$ git merge overlayfs/overlayfs-next
Auto-merging net/unix/af_unix.c
Auto-merging include/linux/fs.h
Auto-merging include/linux/dcache.h
Auto-merging fs/overlayfs/super.c
Auto-merging fs/overlayfs/overlayfs.h
Auto-merging fs/overlayfs/inode.c
Auto-merging fs/open.c
Auto-merging fs/namei.c
Auto-merging fs/dcache.c
Auto-merging Documentation/filesystems/vfs.txt
Auto-merging Documentation/filesystems/Locking
Merge made by the 'recursive' strategy.
 Documentation/filesystems/Locking |  4 +--
 Documentation/filesystems/vfs.txt | 39 +++++++++++++++---------
 fs/dcache.c                       |  3 --
 fs/namei.c                        |  2 +-
 fs/open.c                         | 17 ++++++++---
 fs/overlayfs/inode.c              | 63 ++++++++++-----------------------------
 fs/overlayfs/overlayfs.h          |  2 +-
 fs/overlayfs/super.c              | 18 ++++++++---
 include/linux/dcache.h            | 35 ++++++++++++----------
 include/linux/fs.h                |  2 +-
 net/unix/af_unix.c                |  6 ++--
 11 files changed, 95 insertions(+), 96 deletions(-)
Merging v9fs/for-next (a333e4bf2556 fs/9p: use fscache mutex rather than spinlock)
$ git merge v9fs/for-next
Already up-to-date.
Merging ubifs/linux-next (1112018cefc5 ubifs: ubifs_dump_inode: Fix dumping field bulk_read)
$ git merge ubifs/linux-next
Already up-to-date.
Merging xfs/for-next (1a695a905c18 Linux 4.7-rc1)
$ git merge xfs/for-next
Already up-to-date.
Merging file-locks/linux-next (5af9c2e19da6 Merge branch 'akpm' (patches from Andrew))
$ git merge file-locks/linux-next
Already up-to-date.
Merging vfs/for-next (1eb82bc8e712 Merge branch 'for-linus' into for-next)
$ git merge vfs/for-next
Merge made by the 'recursive' strategy.
 fs/orangefs/inode.c           | 2 +-
 fs/orangefs/namei.c           | 2 +-
 fs/orangefs/orangefs-kernel.h | 6 +++---
 fs/orangefs/symlink.c         | 2 +-
 4 files changed, 6 insertions(+), 6 deletions(-)
Merging pci/next (1a695a905c18 Linux 4.7-rc1)
$ git merge pci/next
Already up-to-date.
Merging hid/for-next (185a9cac5b1e Merge branch 'for-4.6/upstream-fixes' into for-next)
$ git merge hid/for-next
Merge made by the 'recursive' strategy.
Merging i2c/i2c/for-next (1a695a905c18 Linux 4.7-rc1)
$ git merge i2c/i2c/for-next
Already up-to-date.
Merging jdelvare-hwmon/master (18c358ac5e32 Documentation/hwmon: Update links in max34440)
$ git merge jdelvare-hwmon/master
Merge made by the 'recursive' strategy.
Merging dmi/master (c3db05ecf8ac firmware: dmi_scan: Save SMBIOS Type 9 System Slots)
$ git merge dmi/master
Merge made by the 'recursive' strategy.
Merging hwmon-staging/hwmon-next (03bd75a88d6c hwmon: (max1668) Fix typo in documentation)
$ git merge hwmon-staging/hwmon-next
Merge made by the 'recursive' strategy.
 Documentation/hwmon/abituguru | 2 +-
 Documentation/hwmon/max1668   | 2 +-
 2 files changed, 2 insertions(+), 2 deletions(-)
Merging v4l-dvb/master (73dfb701d254 Merge branch 'v4l_for_linus' into to_next)
$ git merge v4l-dvb/master
Already up-to-date!
Merge made by the 'recursive' strategy.
Merging pm/linux-next (1a695a905c18 Linux 4.7-rc1)
$ git merge pm/linux-next
Already up-to-date.
Merging idle/next (f55532a0c0b8 Linux 4.6-rc1)
$ git merge idle/next
Already up-to-date.
Merging thermal/next (88ac99063e6e Merge branches 'thermal-core', 'thermal-intel' and 'thermal-soc' into next)
$ git merge thermal/next
Already up-to-date.
Merging thermal-soc/next (ddc8fdc6e2f0 Merge branch 'work-fixes' into work-next)
$ git merge thermal-soc/next
Resolved 'drivers/thermal/rockchip_thermal.c' using previous resolution.
Resolved 'drivers/thermal/tango_thermal.c' using previous resolution.
Auto-merging drivers/thermal/tango_thermal.c
CONFLICT (add/add): Merge conflict in drivers/thermal/tango_thermal.c
Auto-merging drivers/thermal/rockchip_thermal.c
CONFLICT (content): Merge conflict in drivers/thermal/rockchip_thermal.c
Automatic merge failed; fix conflicts and then commit the result.
$ git commit -v -a
[master 7e9a6a99496e] Merge remote-tracking branch 'thermal-soc/next'
$ git diff -M --stat --summary HEAD^..
Merging ieee1394/for-next (384fbb96f926 firewire: nosy: Replace timeval with timespec64)
$ git merge ieee1394/for-next
Already up-to-date.
Merging dlm/next (82c7d823cc31 dlm: config: Fix ENOMEM failures in make_cluster())
$ git merge dlm/next
Already up-to-date.
Merging swiotlb/linux-next (386744425e35 swiotlb: Make linux/swiotlb.h standalone includible)
$ git merge swiotlb/linux-next
Already up-to-date.
Merging slave-dma/next (4f0382030b6d Merge branch 'topic/sh' into next)
$ git merge slave-dma/next
Auto-merging MAINTAINERS
Merge made by the 'recursive' strategy.
 MAINTAINERS                |  1 +
 drivers/dma/at_xdmac.c     | 82 ++++++++++++++++++++++++++++++++--------------
 drivers/dma/sh/rcar-dmac.c |  2 +-
 3 files changed, 59 insertions(+), 26 deletions(-)
Merging net-next/master (07b75260ebc2 Merge branch 'upstream' of git://git.linux-mips.org/pub/scm/ralf/upstream-linus)
$ git merge net-next/master
Already up-to-date.
Merging ipsec-next/master (cb866e3298cd xfrm: Increment statistic counter on inner mode error)
$ git merge ipsec-next/master
Already up-to-date.
Merging ipvs-next/master (698e2a8dca98 ipvs: make drop_entry protection effective for SIP-pe)
$ git merge ipvs-next/master
Already up-to-date.
Merging wireless-drivers-next/master (52776a700b53 Merge ath-next from ath.git)
$ git merge wireless-drivers-next/master
Already up-to-date.
Merging bluetooth/master (07b75260ebc2 Merge branch 'upstream' of git://git.linux-mips.org/pub/scm/ralf/upstream-linus)
$ git merge bluetooth/master
Already up-to-date.
Merging mac80211-next/master (019ae3a91881 cfg80211: Advertise extended capabilities per interface type to userspace)
$ git merge mac80211-next/master
Auto-merging drivers/net/wireless/mac80211_hwsim.c
Merge made by the 'recursive' strategy.
 Documentation/DocBook/80211.tmpl      |   1 +
 drivers/net/wireless/mac80211_hwsim.c |  97 +++++++++++++++-
 include/net/cfg80211.h                |  81 +++++++++++---
 include/uapi/linux/nl80211.h          |  14 ++-
 net/mac80211/debugfs_sta.c            |  78 ++++++++++++-
 net/wireless/core.c                   |  30 +++++
 net/wireless/core.h                   |   4 +-
 net/wireless/nl80211.c                | 202 +++++++++++++++++++++-------------
 net/wireless/nl80211.h                |   2 +-
 net/wireless/sme.c                    |   8 +-
 10 files changed, 410 insertions(+), 107 deletions(-)
Merging rdma/for-next (7a226f9c32b0 staging/rdma: Remove the entire rdma subdirectory of staging)
$ git merge rdma/for-next
Already up-to-date.
Merging rdma-leon/rdma-next (1a695a905c18 Linux 4.7-rc1)
$ git merge rdma-leon/rdma-next
Already up-to-date.
Merging rdma-leon-test/testing/rdma-next (1a695a905c18 Linux 4.7-rc1)
$ git merge rdma-leon-test/testing/rdma-next
Already up-to-date.
Merging mtd/master (becc7ae544c6 MAINTAINERS: Add file patterns for mtd device tree bindings)
$ git merge mtd/master
Auto-merging MAINTAINERS
Merge made by the 'recursive' strategy.
 MAINTAINERS | 1 +
 1 file changed, 1 insertion(+)
Merging l2-mtd/master (becc7ae544c6 MAINTAINERS: Add file patterns for mtd device tree bindings)
$ git merge l2-mtd/master
Already up-to-date.
Merging nand/nand/next (cabfeaa67843 ARM: OMAP2+: Update GPMC and NAND DT binding documentation)
$ git merge nand/nand/next
Merge made by the 'recursive' strategy.
 Documentation/devicetree/bindings/memory-controllers/omap-gpmc.txt | 7 ++++++-
 Documentation/devicetree/bindings/mtd/gpmc-nand.txt                | 2 +-
 drivers/mtd/nand/omap2.c                                           | 7 ++-----
 3 files changed, 9 insertions(+), 7 deletions(-)
Merging crypto/master (5318c53d5b4b crypto: s5p-sss - Use consistent indentation for variables and members)
$ git merge crypto/master
Auto-merging MAINTAINERS
Merge made by the 'recursive' strategy.
 Documentation/crypto/asymmetric-keys.txt           |   2 +-
 .../devicetree/bindings/rng/brcm,bcm2835.txt       |   7 +-
 MAINTAINERS                                        |   2 +
 arch/arm/boot/dts/bcm-nsp.dtsi                     |   5 +
 arch/arm64/include/asm/io.h                        |   4 +-
 arch/powerpc/crypto/aes-spe-regs.h                 |   2 +-
 arch/powerpc/kernel/iomap.c                        |  24 ++++
 arch/x86/crypto/sha1_ssse3_glue.c                  |   6 +
 arch/x86/crypto/sha256_ssse3_glue.c                |  10 ++
 arch/x86/crypto/sha512_ssse3_glue.c                |   6 +
 crypto/crypto_user.c                               |  10 +-
 drivers/char/hw_random/Kconfig                     |   2 +-
 drivers/char/hw_random/bcm2835-rng.c               |  46 ++++++-
 drivers/char/hw_random/stm32-rng.c                 |  10 +-
 drivers/crypto/caam/Kconfig                        |   6 +-
 drivers/crypto/caam/caamhash.c                     |   5 +-
 drivers/crypto/caam/ctrl.c                         | 125 +++++++++++------
 drivers/crypto/caam/desc.h                         |   9 +-
 drivers/crypto/caam/desc_constr.h                  |  44 ++++--
 drivers/crypto/caam/jr.c                           |  22 +--
 drivers/crypto/caam/pdb.h                          | 137 +++++++++++++++----
 drivers/crypto/caam/regs.h                         | 151 ++++++++++++++-------
 drivers/crypto/caam/sg_sw_sec4.h                   |  17 +--
 drivers/crypto/qat/qat_common/qat_algs.c           |   8 +-
 drivers/crypto/s5p-sss.c                           |  80 +++++------
 include/asm-generic/io.h                           |  71 +++++++++-
 include/asm-generic/iomap.h                        |   8 ++
 include/linux/mpi.h                                |   1 -
 lib/digsig.c                                       |  16 ++-
 lib/mpi/mpicoder.c                                 | 126 ++---------------
 30 files changed, 605 insertions(+), 357 deletions(-)
Merging drm/drm-next (92181d47ee74 headers_check: don't warn about c++ guards)
$ git merge drm/drm-next
Already up-to-date.
Merging drm-panel/drm/panel/for-next (227e4f4079e1 drm/panel: simple: Add support for TPK U.S.A. LLC Fusion 7" and 10.1" panels)
$ git merge drm-panel/drm/panel/for-next
Already up-to-date.
Merging drm-intel/for-linux-next (1800ad255c4f drm/i915: Update GEN6_PMINTRMSK setup with GuC enabled)
$ git merge drm-intel/for-linux-next
Resolved 'drivers/gpu/drm/i915/i915_gem.c' using previous resolution.
Resolved 'drivers/gpu/drm/i915/intel_display.c' using previous resolution.
Resolved 'drivers/gpu/drm/i915/intel_lrc.c' using previous resolution.
Resolved 'drivers/gpu/drm/i915/intel_pm.c' using previous resolution.
Resolved 'drivers/gpu/drm/i915/intel_psr.c' using previous resolution.
Resolved 'drivers/gpu/drm/i915/intel_ringbuffer.c' using previous resolution.
Resolved 'drivers/gpu/drm/i915/intel_ringbuffer.h' using previous resolution.
Auto-merging include/drm/drmP.h
Auto-merging drivers/gpu/drm/i915/intel_vbt_defs.h
Auto-merging drivers/gpu/drm/i915/intel_ringbuffer.h
CONFLICT (content): Merge conflict in drivers/gpu/drm/i915/intel_ringbuffer.h
Auto-merging drivers/gpu/drm/i915/intel_ringbuffer.c
CONFLICT (content): Merge conflict in drivers/gpu/drm/i915/intel_ringbuffer.c
Auto-merging drivers/gpu/drm/i915/intel_psr.c
CONFLICT (content): Merge conflict in drivers/gpu/drm/i915/intel_psr.c
Auto-merging drivers/gpu/drm/i915/intel_pm.c
CONFLICT (content): Merge conflict in drivers/gpu/drm/i915/intel_pm.c
Auto-merging drivers/gpu/drm/i915/intel_panel.c
Auto-merging drivers/gpu/drm/i915/intel_overlay.c
Auto-merging drivers/gpu/drm/i915/intel_mocs.c
Auto-merging drivers/gpu/drm/i915/intel_lvds.c
Auto-merging drivers/gpu/drm/i915/intel_lrc.h
Auto-merging drivers/gpu/drm/i915/intel_lrc.c
CONFLICT (content): Merge conflict in drivers/gpu/drm/i915/intel_lrc.c
Auto-merging drivers/gpu/drm/i915/intel_hdmi.c
Auto-merging drivers/gpu/drm/i915/intel_fbdev.c
Auto-merging drivers/gpu/drm/i915/intel_dsi.c
Auto-merging drivers/gpu/drm/i915/intel_drv.h
Auto-merging drivers/gpu/drm/i915/intel_dpll_mgr.c
Auto-merging drivers/gpu/drm/i915/intel_dp_mst.c
Auto-merging drivers/gpu/drm/i915/intel_display.c
CONFLICT (content): Merge conflict in drivers/gpu/drm/i915/intel_display.c
Auto-merging drivers/gpu/drm/i915/intel_ddi.c
Auto-merging drivers/gpu/drm/i915/intel_crt.c
Auto-merging drivers/gpu/drm/i915/intel_bios.c
Auto-merging drivers/gpu/drm/i915/intel_audio.c
Auto-merging drivers/gpu/drm/i915/i915_reg.h
Auto-merging drivers/gpu/drm/i915/i915_gem_tiling.c
Auto-merging drivers/gpu/drm/i915/i915_gem_gtt.h
Auto-merging drivers/gpu/drm/i915/i915_gem_gtt.c
Auto-merging drivers/gpu/drm/i915/i915_gem_execbuffer.c
Auto-merging drivers/gpu/drm/i915/i915_gem.c
CONFLICT (content): Merge conflict in drivers/gpu/drm/i915/i915_gem.c
Auto-merging drivers/gpu/drm/i915/i915_drv.h
Auto-merging drivers/gpu/drm/i915/i915_drv.c
Auto-merging drivers/gpu/drm/i915/i915_dma.c
Auto-merging drivers/gpu/drm/i915/i915_debugfs.c
Auto-merging drivers/gpu/drm/drm_irq.c
Automatic merge failed; fix conflicts and then commit the result.
$ git commit -v -a
[master 30d99213eb7a] Merge remote-tracking branch 'drm-intel/for-linux-next'
$ git diff -M --stat --summary HEAD^..
 arch/x86/kernel/early-quirks.c                 |  404 +++---
 drivers/gpu/drm/drm_irq.c                      |   31 +
 drivers/gpu/drm/i915/Makefile                  |    3 +
 drivers/gpu/drm/i915/i915_cmd_parser.c         |   44 +-
 drivers/gpu/drm/i915/i915_debugfs.c            |  167 ++-
 drivers/gpu/drm/i915/i915_dma.c                |  132 +-
 drivers/gpu/drm/i915/i915_drv.c                |  119 +-
 drivers/gpu/drm/i915/i915_drv.h                |  405 ++++--
 drivers/gpu/drm/i915/i915_gem.c                |  417 +++---
 drivers/gpu/drm/i915/i915_gem_batch_pool.c     |    6 +-
 drivers/gpu/drm/i915/i915_gem_context.c        |  464 ++++---
 drivers/gpu/drm/i915/i915_gem_evict.c          |    4 +-
 drivers/gpu/drm/i915/i915_gem_execbuffer.c     |   26 +-
 drivers/gpu/drm/i915/i915_gem_fence.c          |   14 +-
 drivers/gpu/drm/i915/i915_gem_gtt.c            |  239 ++--
 drivers/gpu/drm/i915/i915_gem_gtt.h            |   39 +-
 drivers/gpu/drm/i915/i915_gem_render_state.c   |   17 +-
 drivers/gpu/drm/i915/i915_gem_shrinker.c       |   48 +-
 drivers/gpu/drm/i915/i915_gem_stolen.c         |    6 +-
 drivers/gpu/drm/i915/i915_gem_tiling.c         |    4 +-
 drivers/gpu/drm/i915/i915_gem_userptr.c        |   12 +-
 drivers/gpu/drm/i915/i915_gpu_error.c          |   81 +-
 drivers/gpu/drm/i915/i915_guc_reg.h            |    6 +-
 drivers/gpu/drm/i915/i915_guc_submission.c     |  174 +--
 drivers/gpu/drm/i915/i915_irq.c                |  515 ++++----
 drivers/gpu/drm/i915/i915_params.c             |   18 +-
 drivers/gpu/drm/i915/i915_params.h             |    4 +-
 drivers/gpu/drm/i915/i915_reg.h                |   19 +-
 drivers/gpu/drm/i915/i915_sysfs.c              |   11 +-
 drivers/gpu/drm/i915/i915_trace.h              |   48 +-
 drivers/gpu/drm/i915/i915_vgpu.c               |    7 +-
 drivers/gpu/drm/i915/i915_vgpu.h               |    2 +-
 drivers/gpu/drm/i915/intel_audio.c             |    8 +-
 drivers/gpu/drm/i915/intel_bios.c              |   21 +-
 drivers/gpu/drm/i915/intel_bios.h              |   16 +-
 drivers/gpu/drm/i915/intel_crt.c               |    2 +-
 drivers/gpu/drm/i915/intel_csr.c               |   30 +-
 drivers/gpu/drm/i915/intel_ddi.c               |    4 +-
 drivers/gpu/drm/i915/intel_display.c           | 1681 +++++++++++++-----------
 drivers/gpu/drm/i915/intel_dp.c                |  451 +------
 drivers/gpu/drm/i915/intel_dp_aux_backlight.c  |  172 +++
 drivers/gpu/drm/i915/intel_dp_mst.c            |    2 +-
 drivers/gpu/drm/i915/intel_dpio_phy.c          |  470 +++++++
 drivers/gpu/drm/i915/intel_dpll_mgr.c          |   40 +-
 drivers/gpu/drm/i915/intel_drv.h               |  193 +--
 drivers/gpu/drm/i915/intel_dsi.c               |   51 +-
 drivers/gpu/drm/i915/intel_dsi.h               |    4 +
 drivers/gpu/drm/i915/intel_dsi_dcs_backlight.c |  179 +++
 drivers/gpu/drm/i915/intel_dsi_panel_vbt.c     |   77 +-
 drivers/gpu/drm/i915/intel_dvo.c               |   18 +-
 drivers/gpu/drm/i915/intel_fbc.c               |    4 +-
 drivers/gpu/drm/i915/intel_fbdev.c             |   39 +-
 drivers/gpu/drm/i915/intel_guc.h               |   37 +-
 drivers/gpu/drm/i915/intel_guc_fwif.h          |    3 +-
 drivers/gpu/drm/i915/intel_guc_loader.c        |  179 ++-
 drivers/gpu/drm/i915/intel_hdmi.c              |  354 +----
 drivers/gpu/drm/i915/intel_hotplug.c           |   13 +-
 drivers/gpu/drm/i915/intel_lrc.c               |  704 +++++-----
 drivers/gpu/drm/i915/intel_lrc.h               |   19 +-
 drivers/gpu/drm/i915/intel_lvds.c              |    4 +-
 drivers/gpu/drm/i915/intel_mocs.c              |    2 +-
 drivers/gpu/drm/i915/intel_opregion.c          |  109 +-
 drivers/gpu/drm/i915/intel_overlay.c           |  147 +--
 drivers/gpu/drm/i915/intel_panel.c             |    8 +
 drivers/gpu/drm/i915/intel_pm.c                | 1075 ++++++++-------
 drivers/gpu/drm/i915/intel_psr.c               |   53 +-
 drivers/gpu/drm/i915/intel_ringbuffer.c        |  476 ++++---
 drivers/gpu/drm/i915/intel_ringbuffer.h        |   41 +-
 drivers/gpu/drm/i915/intel_runtime_pm.c        |   61 +-
 drivers/gpu/drm/i915/intel_sdvo.c              |    2 +-
 drivers/gpu/drm/i915/intel_sprite.c            |   43 +-
 drivers/gpu/drm/i915/intel_tv.c                |    2 +-
 drivers/gpu/drm/i915/intel_uncore.c            |  221 ++--
 drivers/gpu/drm/i915/intel_vbt_defs.h          |    6 +
 drivers/net/ethernet/mellanox/mlx4/pd.c        |    4 +-
 include/drm/drmP.h                             |    1 +
 include/drm/drm_dp_helper.h                    |    1 +
 include/drm/i915_drm.h                         |    3 +
 include/linux/io-mapping.h                     |   10 +-
 79 files changed, 5779 insertions(+), 4747 deletions(-)
 create mode 100644 drivers/gpu/drm/i915/intel_dp_aux_backlight.c
 create mode 100644 drivers/gpu/drm/i915/intel_dpio_phy.c
 create mode 100644 drivers/gpu/drm/i915/intel_dsi_dcs_backlight.c
Merging drm-tegra/drm/tegra/for-next (057eab2013ec MAINTAINERS: Remove Terje Bergstrm as Tegra DRM maintainer)
$ git merge drm-tegra/drm/tegra/for-next
Already up-to-date.
Merging drm-misc/topic/drm-misc (b82caafcf230 drm/vc4: Use lockless gem BO free callback)
$ git merge drm-misc/topic/drm-misc
Auto-merging include/drm/drmP.h
Auto-merging drivers/gpu/drm/vc4/vc4_drv.c
Auto-merging drivers/gpu/drm/i915/i915_drv.c
Auto-merging drivers/gpu/drm/drm_irq.c
Auto-merging drivers/gpu/drm/arm/hdlcd_drv.c
Auto-merging MAINTAINERS
Auto-merging Documentation/DocBook/gpu.tmpl
Merge made by the 'recursive' strategy.
 Documentation/DocBook/gpu.tmpl                  | 25 +------
 MAINTAINERS                                     |  3 +
 drivers/gpu/drm/arm/hdlcd_drv.c                 |  2 +-
 drivers/gpu/drm/cirrus/cirrus_mode.c            |  3 -
 drivers/gpu/drm/drm_atomic_helper.c             |  3 +
 drivers/gpu/drm/drm_crtc.c                      | 13 ++++
 drivers/gpu/drm/drm_edid_load.c                 |  2 +-
 drivers/gpu/drm/drm_fb_helper.c                 | 33 +--------
 drivers/gpu/drm/drm_irq.c                       | 90 ++++---------------------
 drivers/gpu/drm/drm_mm.c                        |  4 +-
 drivers/gpu/drm/drm_modeset_lock.c              | 11 ++-
 drivers/gpu/drm/gma500/psb_intel_display.c      |  7 --
 drivers/gpu/drm/hisilicon/kirin/kirin_drm_drv.c |  2 +-
 drivers/gpu/drm/i915/i915_drv.c                 | 10 +--
 drivers/gpu/drm/mediatek/mtk_drm_drv.c          |  2 +-
 drivers/gpu/drm/msm/msm_fbdev.c                 | 14 ----
 drivers/gpu/drm/nouveau/nouveau_drm.c           | 10 +--
 drivers/gpu/drm/qxl/qxl_display.c               |  1 -
 drivers/gpu/drm/radeon/radeon_drv.c             | 10 +--
 drivers/gpu/drm/vc4/vc4_bo.c                    |  2 -
 drivers/gpu/drm/vc4/vc4_drv.c                   |  2 +-
 drivers/gpu/drm/vc4/vc4_gem.c                   | 11 +--
 drivers/gpu/drm/vgem/vgem_drv.c                 |  2 +-
 drivers/gpu/drm/virtio/virtgpu_plane.c          |  8 ++-
 drivers/gpu/vga/vga_switcheroo.c                | 34 +++++++++-
 include/drm/drmP.h                              | 14 ++--
 include/linux/vga_switcheroo.h                  |  2 +
 27 files changed, 104 insertions(+), 216 deletions(-)
Merging drm-exynos/exynos-drm/for-next (25364a9e54fb Merge branch 'for-linus' of git://git.kernel.org/pub/scm/linux/kernel/git/jikos/hid)
$ git merge drm-exynos/exynos-drm/for-next
Already up-to-date.
Merging drm-msm/msm-next (2b669875332f drm/msm: Drop load/unload drm_driver ops)
$ git merge drm-msm/msm-next
Already up-to-date.
Merging hdlcd/for-upstream/hdlcd (5c5b8aedaec0 drm: hdlcd: Cleanup the atomic operations)
$ git merge hdlcd/for-upstream/hdlcd
Auto-merging drivers/gpu/drm/arm/hdlcd_drv.c
Merge made by the 'recursive' strategy.
 drivers/gpu/drm/arm/hdlcd_crtc.c | 87 ++++++++++++++++++++++++--------------
 drivers/gpu/drm/arm/hdlcd_drv.c  | 90 ++++++++++++++++------------------------
 drivers/gpu/drm/arm/hdlcd_drv.h  |  4 +-
 3 files changed, 92 insertions(+), 89 deletions(-)
Merging drm-vc4/drm-vc4-next (efea172891fc drm/vc4: Return -EBUSY if there's already a pending flip event.)
$ git merge drm-vc4/drm-vc4-next
Auto-merging drivers/gpu/drm/vc4/vc4_kms.c
Auto-merging drivers/gpu/drm/vc4/vc4_drv.c
Auto-merging drivers/gpu/drm/vc4/vc4_crtc.c
Merge made by the 'recursive' strategy.
 drivers/gpu/drm/vc4/vc4_crtc.c |  4 ++++
 drivers/gpu/drm/vc4/vc4_drv.c  |  2 +-
 drivers/gpu/drm/vc4/vc4_kms.c  | 16 ++++++++++++----
 3 files changed, 17 insertions(+), 5 deletions(-)
Merging sunxi/sunxi/for-next (30ce0df9ee51 Merge branches 'sunxi/defconfig-for-4.8', 'sunxi/drm-fixes-for-4.7' and 'sunxi/dt-for-4.8' into sunxi/for-next)
$ git merge sunxi/sunxi/for-next
Auto-merging arch/arm/configs/multi_v7_defconfig
Merge made by the 'recursive' strategy.
 arch/arm/boot/dts/axp209.dtsi          |   1 +
 arch/arm/boot/dts/sun4i-a10.dtsi       |  91 ++++++++++++++++++++++--
 arch/arm/boot/dts/sun5i-a13.dtsi       | 122 +++++++++++++++++++++++++++++++++
 arch/arm/boot/dts/sun5i-q8-common.dtsi |  55 +++++++++++++++
 arch/arm/boot/dts/sun5i-r8.dtsi        | 120 ++------------------------------
 arch/arm/boot/dts/sun7i-a20.dtsi       |  85 +++++++++++++++++++++--
 arch/arm/configs/multi_v7_defconfig    |   1 +
 arch/arm/configs/sunxi_defconfig       |   2 +
 drivers/gpu/drm/sun4i/Kconfig          |   2 +-
 drivers/gpu/drm/sun4i/sun4i_backend.c  |   4 +-
 drivers/gpu/drm/sun4i/sun4i_dotclock.c |  39 +++++++++--
 drivers/gpu/drm/sun4i/sun4i_drv.c      |  50 ++++++--------
 drivers/gpu/drm/sun4i/sun4i_rgb.c      |  16 ++++-
 drivers/gpu/drm/sun4i/sun4i_tcon.c     |  23 ++++---
 14 files changed, 438 insertions(+), 173 deletions(-)
Merging kbuild/for-next (0c644e04ad1b Merge branch 'kbuild/misc' into kbuild/for-next)
$ git merge kbuild/for-next
Already up-to-date!
Merge made by the 'recursive' strategy.
Merging kconfig/for-next (5bcba792bb30 localmodconfig: Fix whitespace repeat count after "tristate")
$ git merge kconfig/for-next
Already up-to-date.
Merging regmap/for-next (3f8cd61d24e6 Merge remote-tracking branch 'regmap/topic/maintainers' into regmap-next)
$ git merge regmap/for-next
Auto-merging MAINTAINERS
Merge made by the 'recursive' strategy.
 MAINTAINERS | 1 +
 1 file changed, 1 insertion(+)
Merging sound/for-next (0358ccc8ffd8 ALSA: uapi: Add three missing header files to Kbuild file)
$ git merge sound/for-next
Already up-to-date.
Merging sound-asoc/for-next (f5fe6c51e8b5 Merge remote-tracking branches 'asoc/topic/samsung', 'asoc/topic/simple', 'asoc/topic/tas571x', 'asoc/topic/tlv320aic31xx' and 'asoc/topic/wm8985' into asoc-next)
$ git merge sound-asoc/for-next
Removing sound/soc/samsung/odroidx2_max98090.c
Auto-merging MAINTAINERS
Removing Documentation/devicetree/bindings/sound/samsung,odroidx2-max98090.txt
Merge made by the 'recursive' strategy.
 .../bindings/sound/brcm,cygnus-audio.txt           |   67 +
 .../devicetree/bindings/sound/cs53l30.txt          |   40 +
 .../devicetree/bindings/sound/fsl-asoc-card.txt    |    2 +-
 .../devicetree/bindings/sound/max9860.txt          |   28 +
 .../devicetree/bindings/sound/omap-mcpdm.txt       |   10 +
 .../devicetree/bindings/sound/rockchip-i2s.txt     |    5 +
 .../bindings/sound/samsung,odroidx2-max98090.txt   |   35 -
 Documentation/sound/alsa/soc/machine.txt           |    2 +-
 MAINTAINERS                                        |   11 +-
 include/linux/mfd/arizona/core.h                   |   10 +
 include/sound/soc-dapm.h                           |    5 +-
 include/sound/soc.h                                |   11 +
 sound/soc/bcm/Kconfig                              |    9 +
 sound/soc/bcm/Makefile                             |    5 +
 sound/soc/bcm/cygnus-pcm.c                         |  861 +++++++++++
 sound/soc/bcm/cygnus-ssp.c                         | 1529 ++++++++++++++++++++
 sound/soc/bcm/cygnus-ssp.h                         |  139 ++
 sound/soc/codecs/Kconfig                           |   14 +-
 sound/soc/codecs/Makefile                          |    4 +
 sound/soc/codecs/ak4613.c                          |    1 -
 sound/soc/codecs/ak4642.c                          |   13 +-
 sound/soc/codecs/arizona.c                         |   43 +
 sound/soc/codecs/arizona.h                         |   19 +
 sound/soc/codecs/cs47l24.c                         |   19 +
 sound/soc/codecs/cs53l30.c                         | 1097 ++++++++++++++
 sound/soc/codecs/cs53l30.h                         |  458 ++++++
 sound/soc/codecs/hdac_hdmi.c                       |   20 +
 sound/soc/codecs/max9860.c                         |  753 ++++++++++
 sound/soc/codecs/max9860.h                         |  162 +++
 sound/soc/codecs/nau8825.c                         |  461 ++++--
 sound/soc/codecs/nau8825.h                         |   45 +-
 sound/soc/codecs/pcm5102a.c                        |    1 -
 sound/soc/codecs/tas571x.c                         |  170 +++
 sound/soc/codecs/tas571x.h                         |   35 +
 sound/soc/codecs/tlv320aic31xx.h                   |  134 +-
 sound/soc/codecs/wm5102.c                          |    1 +
 sound/soc/codecs/wm5110.c                          |   19 +
 sound/soc/codecs/wm8985.c                          |  143 +-
 sound/soc/codecs/wm8985.h                          |   38 +
 sound/soc/codecs/wm8998.c                          |    1 +
 sound/soc/codecs/wm_adsp.c                         |    5 +
 sound/soc/codecs/wm_adsp.h                         |    4 +
 sound/soc/dwc/designware_i2s.c                     |   68 +-
 sound/soc/generic/simple-card.c                    |   31 +-
 sound/soc/intel/boards/skl_nau88l25_max98357a.c    |   39 +-
 sound/soc/intel/boards/skl_nau88l25_ssm4567.c      |   39 +-
 sound/soc/intel/common/sst-acpi.h                  |    2 +-
 sound/soc/intel/skylake/Makefile                   |    2 +-
 sound/soc/intel/skylake/bxt-sst.c                  |   26 +-
 sound/soc/intel/skylake/skl-nhlt.c                 |   40 +
 sound/soc/intel/skylake/skl-nhlt.h                 |   22 +
 sound/soc/intel/skylake/skl-sst-dsp.h              |    8 +
 sound/soc/intel/skylake/skl-sst-ipc.h              |    3 +
 sound/soc/intel/skylake/skl-sst-utils.c            |  256 ++++
 sound/soc/intel/skylake/skl-sst.c                  |   23 +-
 sound/soc/intel/skylake/skl-topology.c             |    4 +
 sound/soc/intel/skylake/skl.c                      |   12 +-
 sound/soc/intel/skylake/skl.h                      |    6 +
 sound/soc/mediatek/mtk-afe-pcm.c                   |   16 +-
 sound/soc/omap/Kconfig                             |    1 +
 sound/soc/omap/omap-mcpdm.c                        |   74 +-
 sound/soc/rockchip/rockchip_i2s.c                  |   71 +-
 sound/soc/rockchip/rockchip_i2s.h                  |   11 +-
 sound/soc/rockchip/rockchip_max98090.c             |   65 +-
 sound/soc/samsung/Kconfig                          |    8 -
 sound/soc/samsung/Makefile                         |    2 -
 sound/soc/samsung/i2s.c                            |   31 +-
 sound/soc/samsung/odroidx2_max98090.c              |  185 ---
 sound/soc/sh/rcar/adg.c                            |    2 +-
 sound/soc/sh/rcar/rsrc-card.c                      |    2 -
 sound/soc/soc-dapm.c                               |   58 +-
 sound/soc/soc-pcm.c                                |   43 +-
 72 files changed, 6983 insertions(+), 596 deletions(-)
 create mode 100644 Documentation/devicetree/bindings/sound/brcm,cygnus-audio.txt
 create mode 100644 Documentation/devicetree/bindings/sound/cs53l30.txt
 create mode 100644 Documentation/devicetree/bindings/sound/max9860.txt
 delete mode 100644 Documentation/devicetree/bindings/sound/samsung,odroidx2-max98090.txt
 create mode 100644 sound/soc/bcm/cygnus-pcm.c
 create mode 100644 sound/soc/bcm/cygnus-ssp.c
 create mode 100644 sound/soc/bcm/cygnus-ssp.h
 create mode 100644 sound/soc/codecs/cs53l30.c
 create mode 100644 sound/soc/codecs/cs53l30.h
 create mode 100644 sound/soc/codecs/max9860.c
 create mode 100644 sound/soc/codecs/max9860.h
 create mode 100644 sound/soc/intel/skylake/skl-sst-utils.c
 delete mode 100644 sound/soc/samsung/odroidx2_max98090.c
Merging modules/modules-next (e2d1248432c4 module: Disable MODULE_FORCE_LOAD when MODULE_SIG_FORCE is enabled)
$ git merge modules/modules-next
Auto-merging kernel/module.c
Auto-merging init/Kconfig
Auto-merging include/linux/module.h
Merge made by the 'recursive' strategy.
 Documentation/module-signing.txt |  6 ++++++
 include/linux/module.h           |  4 ++--
 init/Kconfig                     |  1 +
 kernel/module.c                  | 29 +++++++++++++++++++++--------
 4 files changed, 30 insertions(+), 10 deletions(-)
Merging input/next (48a2b783483b Input: add Raydium I2C touchscreen driver)
$ git merge input/next
Auto-merging drivers/input/touchscreen/Makefile
Auto-merging drivers/input/touchscreen/Kconfig
Auto-merging drivers/input/input.c
Auto-merging Documentation/devicetree/bindings/vendor-prefixes.txt
Merge made by the 'recursive' strategy.
 .../devicetree/bindings/input/atmel,captouch.txt   |   36 +
 .../devicetree/bindings/input/raydium_i2c_ts.txt   |   20 +
 .../devicetree/bindings/vendor-prefixes.txt        |    1 +
 drivers/input/input.c                              |    7 +-
 drivers/input/keyboard/tc3589x-keypad.c            |    2 +-
 drivers/input/misc/Kconfig                         |   14 +
 drivers/input/misc/Makefile                        |    1 +
 drivers/input/misc/atmel_captouch.c                |  290 +++++
 drivers/input/rmi4/rmi_f01.c                       |   22 +-
 drivers/input/touchscreen/Kconfig                  |   28 +-
 drivers/input/touchscreen/Makefile                 |    2 +
 drivers/input/touchscreen/migor_ts.c               |    6 +-
 drivers/input/touchscreen/raydium_i2c_ts.c         | 1215 ++++++++++++++++++++
 drivers/input/touchscreen/surface3_spi.c           |  427 +++++++
 14 files changed, 2051 insertions(+), 20 deletions(-)
 create mode 100644 Documentation/devicetree/bindings/input/atmel,captouch.txt
 create mode 100644 Documentation/devicetree/bindings/input/raydium_i2c_ts.txt
 create mode 100644 drivers/input/misc/atmel_captouch.c
 create mode 100644 drivers/input/touchscreen/raydium_i2c_ts.c
 create mode 100644 drivers/input/touchscreen/surface3_spi.c
Merging block/for-next (661806a31989 Merge branch 'for-4.7/core' into for-next)
$ git merge block/for-next
Already up-to-date!
Merge made by the 'recursive' strategy.
Merging lightnvm/for-next (2a65aee4011b lightnvm: reserved space calculation incorrect)
$ git merge lightnvm/for-next
Merge made by the 'recursive' strategy.
Merging device-mapper/for-next (b8ef07be98b4 dm mpath: add optional "queue_mode" feature)
$ git merge device-mapper/for-next
Auto-merging drivers/md/dm-table.c
Merge made by the 'recursive' strategy.
 drivers/md/Makefile           |    3 +-
 drivers/md/dm-builtin.c       |    2 +-
 drivers/md/dm-core.h          |  149 ++++++
 drivers/md/dm-crypt.c         |    4 +
 drivers/md/dm-io.c            |    2 +-
 drivers/md/dm-ioctl.c         |    2 +-
 drivers/md/dm-kcopyd.c        |    2 +-
 drivers/md/dm-log-writes.c    |    6 +-
 drivers/md/dm-mpath.c         |  330 ++++++++++--
 drivers/md/dm-rq.c            |  967 +++++++++++++++++++++++++++++++++++
 drivers/md/dm-rq.h            |   64 +++
 drivers/md/dm-stats.c         |    2 +-
 drivers/md/dm-sysfs.c         |    3 +-
 drivers/md/dm-table.c         |   69 ++-
 drivers/md/dm-target.c        |    2 +-
 drivers/md/dm.c               | 1124 +----------------------------------------
 drivers/md/dm.h               |   35 +-
 include/linux/device-mapper.h |   16 +
 18 files changed, 1572 insertions(+), 1210 deletions(-)
 create mode 100644 drivers/md/dm-core.h
 create mode 100644 drivers/md/dm-rq.c
 create mode 100644 drivers/md/dm-rq.h
Merging pcmcia/master (e8e68fd86d22 pcmcia: do not break rsrc_nonstatic when handling anonymous cards)
$ git merge pcmcia/master
Already up-to-date.
Merging mmc-uh/next (1a695a905c18 Linux 4.7-rc1)
$ git merge mmc-uh/next
Already up-to-date.
Merging md/for-next (412575807427 right meaning of PARITY_ENABLE_RMW and PARITY_PREFER_RMW)
$ git merge md/for-next
Merge made by the 'recursive' strategy.
 drivers/md/raid5.c | 4 ++--
 1 file changed, 2 insertions(+), 2 deletions(-)
Merging mfd/for-mfd-next (b52207ef4ea5 mfd: hi655x: Add MFD driver for hi655x)
$ git merge mfd/for-mfd-next
Already up-to-date.
Merging backlight/for-backlight-next (60d613d6aef4 backlight: pwm_bl: Free PWM requested by legacy API on error path)
$ git merge backlight/for-backlight-next
Already up-to-date.
Merging battery/master (4a99fa06a8ca sbs-battery: fix power status when battery charging near dry)
$ git merge battery/master
Already up-to-date.
Merging omap_dss2/for-next (ab366b40b851 fbdev: Use IS_ENABLED() instead of checking for built-in or module)
$ git merge omap_dss2/for-next
Already up-to-date.
Merging regulator/for-next (500ed8bf3856 Merge remote-tracking branches 'regulator/topic/fixed', 'regulator/topic/headers', 'regulator/topic/max8973' and 'regulator/topic/mt6397' into regulator-next)
$ git merge regulator/for-next
Merge made by the 'recursive' strategy.
 drivers/regulator/axp20x-regulator.c   | 119 +++++++++++++++++++++++++--------
 drivers/regulator/fixed.c              |  14 +---
 drivers/regulator/max8973-regulator.c  |  16 ++---
 drivers/regulator/mt6397-regulator.c   |  95 ++++++++++++++++++++++----
 drivers/regulator/pv88060-regulator.c  |   3 -
 drivers/regulator/pv88080-regulator.c  |   3 -
 drivers/regulator/pv88090-regulator.c  |   3 -
 drivers/regulator/tps51632-regulator.c |   9 ++-
 8 files changed, 187 insertions(+), 75 deletions(-)
Merging security/next (b937190c40de LSM: LoadPin: provide enablement CONFIG)
$ git merge security/next
Already up-to-date.
Merging integrity/next (05d1a717ec04 ima: add support for creating files using the mknodat syscall)
$ git merge integrity/next
Already up-to-date.
Merging keys/keys-next (75aeddd12f20 MAINTAINERS: Update keyrings record and add asymmetric keys record)
$ git merge keys/keys-next
Already up-to-date.
Merging selinux/next (7ea59202db8d selinux: Only apply bounds checking to source types)
$ git merge selinux/next
Merge made by the 'recursive' strategy.
 security/selinux/ss/services.c | 70 +++++++++++++-----------------------------
 1 file changed, 22 insertions(+), 48 deletions(-)
Merging tpmdd/next (e8f2f45a4402 tpm: Fix suspend regression)
$ git merge tpmdd/next
Auto-merging include/uapi/linux/Kbuild
Auto-merging Documentation/ioctl/ioctl-number.txt
Merge made by the 'recursive' strategy.
 Documentation/ioctl/ioctl-number.txt   |   1 +
 Documentation/tpm/tpm_vtpm_proxy.txt   |  71 ++++
 drivers/char/tpm/Kconfig               |  11 +
 drivers/char/tpm/Makefile              |   1 +
 drivers/char/tpm/st33zp24/Kconfig      |  11 +-
 drivers/char/tpm/st33zp24/i2c.c        |  70 +++-
 drivers/char/tpm/st33zp24/spi.c        | 184 ++++++----
 drivers/char/tpm/st33zp24/st33zp24.c   | 125 +++----
 drivers/char/tpm/st33zp24/st33zp24.h   |  14 +-
 drivers/char/tpm/tpm-chip.c            | 284 ++++++++++-----
 drivers/char/tpm/tpm-dev.c             |  15 +-
 drivers/char/tpm/tpm-interface.c       | 105 +++---
 drivers/char/tpm/tpm-sysfs.c           |  78 ++--
 drivers/char/tpm/tpm.h                 |  73 ++--
 drivers/char/tpm/tpm2-cmd.c            |  11 +-
 drivers/char/tpm/tpm_atmel.c           |  63 ++--
 drivers/char/tpm/tpm_atmel.h           |  16 +-
 drivers/char/tpm/tpm_crb.c             |  73 ++--
 drivers/char/tpm/tpm_eventlog.c        |   2 +-
 drivers/char/tpm/tpm_eventlog.h        |   4 +-
 drivers/char/tpm/tpm_i2c_atmel.c       |  39 +-
 drivers/char/tpm/tpm_i2c_infineon.c    |  55 ++-
 drivers/char/tpm/tpm_i2c_nuvoton.c     |  98 ++---
 drivers/char/tpm/tpm_ibmvtpm.c         |  38 +-
 drivers/char/tpm/tpm_infineon.c        |  22 +-
 drivers/char/tpm/tpm_nsc.c             |  84 +++--
 drivers/char/tpm/tpm_tis.c             | 266 +++++++-------
 drivers/char/tpm/tpm_vtpm_proxy.c      | 644 +++++++++++++++++++++++++++++++++
 drivers/char/tpm/xen-tpmfront.c        |  36 +-
 include/linux/platform_data/st33zp24.h |   2 +-
 include/uapi/linux/Kbuild              |   1 +
 include/uapi/linux/vtpm_proxy.h        |  36 ++
 32 files changed, 1768 insertions(+), 765 deletions(-)
 create mode 100644 Documentation/tpm/tpm_vtpm_proxy.txt
 create mode 100644 drivers/char/tpm/tpm_vtpm_proxy.c
 create mode 100644 include/uapi/linux/vtpm_proxy.h
Merging watchdog/master (1a695a905c18 Linux 4.7-rc1)
$ git merge watchdog/master
Already up-to-date.
Merging iommu/next (6c0b43df74f9 Merge branches 'arm/io-pgtable', 'arm/rockchip', 'arm/omap', 'x86/vt-d', 'ppc/pamu', 'core' and 'x86/amd' into next)
$ git merge iommu/next
Already up-to-date.
Merging dwmw2-iommu/master (22e2f9fa63b0 iommu/vt-d: Use per-cpu IOVA caching)
$ git merge dwmw2-iommu/master
Already up-to-date.
Merging vfio/next (f70552809419 vfio_pci: Test for extended capabilities if config space > 256 bytes)
$ git merge vfio/next
Already up-to-date.
Merging jc_docs/docs-next (9f8036643dd9 doc: self-protection: provide initial details)
$ git merge jc_docs/docs-next
Already up-to-date.
Merging trivial/for-next (52bbe141f37f gitignore: fix wording)
$ git merge trivial/for-next
Already up-to-date.
Merging audit/next (2b4c7afe79a8 audit: fixup: log on errors from filter user rules)
$ git merge audit/next
Merge made by the 'recursive' strategy.
 kernel/auditfilter.c | 4 ++--
 1 file changed, 2 insertions(+), 2 deletions(-)
Merging devicetree/devicetree/next (48a9b733e644 of/irq: Rename "intc_desc" to "of_intc_desc" to fix OF on sh)
$ git merge devicetree/devicetree/next
Already up-to-date.
Merging dt-rh/for-next (f2c27767af0a devicetree: Add Creative Technology vendor id)
$ git merge dt-rh/for-next
Already up-to-date.
Merging mailbox/mailbox-for-next (c430cf376fee mailbox: Fix devm_ioremap_resource error detection code)
$ git merge mailbox/mailbox-for-next
Already up-to-date.
Merging spi/for-next (e767713092de Merge remote-tracking branches 'spi/topic/maintainers', 'spi/topic/orion', 'spi/topic/pxa2xx' and 'spi/topic/rockchip' into spi-next)
$ git merge spi/for-next
Auto-merging MAINTAINERS
Merge made by the 'recursive' strategy.
 .../devicetree/bindings/spi/spi-orion.txt          | 49 +++++++++++-
 .../devicetree/bindings/spi/spi-rockchip.txt       | 11 ++-
 MAINTAINERS                                        |  1 +
 drivers/spi/spi-orion.c                            | 88 ++++++++++++++++++++++
 drivers/spi/spi-pxa2xx.c                           | 10 +--
 drivers/spi/spi-rockchip.c                         |  3 +
 drivers/spi/spi-ti-qspi.c                          |  7 ++
 7 files changed, 155 insertions(+), 14 deletions(-)
Merging tip/auto-latest (65fd15a016cc Merge branch 'perf/urgent')
$ git merge tip/auto-latest
Auto-merging kernel/futex.c
Auto-merging kernel/fork.c
Auto-merging include/linux/sched.h
Auto-merging arch/x86/include/asm/uaccess.h
Merge made by the 'recursive' strategy.
 arch/x86/include/asm/topology.h |  12 +-
 arch/x86/include/asm/uaccess.h  |  23 +-
 arch/x86/kernel/cpu/intel.c     |   7 +-
 include/linux/futex.h           |  12 +-
 include/linux/sched.h           |   2 +
 include/uapi/linux/futex.h      |   6 +-
 kernel/fork.c                   |   7 +
 kernel/futex.c                  | 557 ++++++++++++++++++++++++++++++++++++++--
 tools/perf/bench/futex-hash.c   |  38 ++-
 tools/perf/bench/futex.h        |  14 +
 10 files changed, 628 insertions(+), 50 deletions(-)
Merging clockevents/clockevents/next (cee77c2c5b57 clocksource/drivers/tango-xtal: Fix incorrect test)
$ git merge clockevents/clockevents/next
Merge made by the 'recursive' strategy.
Merging edac/linux_next (12f0721c5a70 sb_edac: correctly fetch DIMM width on Ivy Bridge and Haswell)
$ git merge edac/linux_next
Already up-to-date.
Merging edac-amd/for-next (3f37a36b6282 EDAC, amd64_edac: Drop pci_register_driver() use)
$ git merge edac-amd/for-next
Already up-to-date.
Merging irqchip/irqchip/for-next (a66ce4b7d9d2 Merge branch 'irqchip/mvebu' into irqchip/for-next)
$ git merge irqchip/irqchip/for-next
Already up-to-date!
Merge made by the 'recursive' strategy.
Merging ftrace/for-next (97f8827a8c79 ftracetest: Use proper logic to find process PID)
$ git merge ftrace/for-next
Already up-to-date.
Merging rcu/rcu/next (0e7e2457e4e4 Merge commit 'dcd36d01fb3f99d1d5df01714f6ccbe3fbbaf81f' into HEAD)
$ git merge rcu/rcu/next
Auto-merging drivers/clk/clk.c
Auto-merging drivers/base/power/runtime.c
Auto-merging arch/arm/kernel/smp.c
Merge made by the 'recursive' strategy.
 arch/arm/kernel/smp.c             |  2 +-
 arch/arm/mach-omap2/powerdomain.c |  9 +++++----
 drivers/base/power/runtime.c      | 14 +++++++-------
 drivers/clk/clk.c                 |  8 ++++----
 4 files changed, 17 insertions(+), 16 deletions(-)
Merging kvm/linux-next (e28e909c36bb Merge tag 'for-linus' of git://git.kernel.org/pub/scm/virt/kvm/kvm)
$ git merge kvm/linux-next
Already up-to-date.
Merging kvm-arm/next (35a2d58588f0 KVM: arm/arm64: vgic-new: Synchronize changes to active state)
$ git merge kvm-arm/next
Already up-to-date.
Merging kvm-ppc/kvm-ppc-next (c63517c2e381 KVM: PPC: Book3S: correct width in XER handling)
$ git merge kvm-ppc/kvm-ppc-next
Already up-to-date.
Merging kvm-ppc-paulus/kvm-ppc-next (b1a4286b8f33 KVM: PPC: Book3S HV: Re-enable XICS fast path for irqfd-generated interrupts)
$ git merge kvm-ppc-paulus/kvm-ppc-next
Already up-to-date.
Merging kvms390/next (60a37709ce60 KVM: s390: Populate mask of non-hypervisor managed facility bits)
$ git merge kvms390/next
Already up-to-date.
Merging xen-tip/linux-next (bdadcaf2a7c1 xen: remove incorrect forward declaration)
$ git merge xen-tip/linux-next
Auto-merging drivers/xen/Makefile
Merge made by the 'recursive' strategy.
 Documentation/devicetree/bindings/arm/xen.txt |  35 +++++
 arch/arm/include/asm/xen/xen-ops.h            |   6 +
 arch/arm/kernel/setup.c                       |   2 +-
 arch/arm/xen/Makefile                         |   1 +
 arch/arm/xen/efi.c                            |  40 ++++++
 arch/arm/xen/enlighten.c                      | 125 ++++++++++++----
 arch/arm64/include/asm/xen/xen-ops.h          |   6 +
 arch/arm64/kernel/setup.c                     |   3 +-
 arch/arm64/xen/Makefile                       |   1 +
 arch/x86/xen/efi.c                            | 111 +++++++++++++++
 arch/x86/xen/grant-table.c                    |  57 +-------
 drivers/acpi/scan.c                           |  74 ++++++++++
 drivers/firmware/efi/arm-runtime.c            |   5 +
 drivers/firmware/efi/efi.c                    |  81 ++++++++---
 drivers/of/fdt.c                              |  13 ++
 drivers/xen/Kconfig                           |   2 +-
 drivers/xen/Makefile                          |   1 +
 drivers/xen/arm-device.c                      | 196 ++++++++++++++++++++++++++
 drivers/xen/balloon.c                         |  28 ++--
 drivers/xen/efi.c                             | 173 +++++------------------
 drivers/xen/xlate_mmu.c                       |  77 ++++++++++
 include/linux/of_fdt.h                        |   2 +
 include/xen/interface/hvm/params.h            |  40 +++++-
 include/xen/interface/memory.h                |   1 +
 include/xen/xen-ops.h                         |  32 +++--
 25 files changed, 849 insertions(+), 263 deletions(-)
 create mode 100644 arch/arm/include/asm/xen/xen-ops.h
 create mode 100644 arch/arm/xen/efi.c
 create mode 100644 arch/arm64/include/asm/xen/xen-ops.h
 create mode 100644 drivers/xen/arm-device.c
Merging percpu/for-next (6710e594f71c percpu: fix synchronization between synchronous map extension and chunk destruction)
$ git merge percpu/for-next
Merge made by the 'recursive' strategy.
 mm/percpu.c | 73 +++++++++++++++++++++++++++++++++++++------------------------
 1 file changed, 44 insertions(+), 29 deletions(-)
Merging workqueues/for-next (f1e89a8f3358 Merge branch 'for-4.6-fixes' into for-next)
$ git merge workqueues/for-next
Already up-to-date!
Merge made by the 'recursive' strategy.
Merging drivers-x86/for-next (b740d2e9233c platform/x86: Add PMC Driver for Intel Core SoC)
$ git merge drivers-x86/for-next
Already up-to-date.
Merging chrome-platform/for-next (31b764171cb5 Revert "platform/chrome: chromeos_laptop: Add Leon Touch")
$ git merge chrome-platform/for-next
Merge made by the 'recursive' strategy.
Merging hsi/for-next (b32bd7e7d5c1 hsi: use kmemdup)
$ git merge hsi/for-next
Merge made by the 'recursive' strategy.
 drivers/hsi/clients/cmt_speech.c | 2 +-
 drivers/hsi/hsi.c                | 8 ++++----
 2 files changed, 5 insertions(+), 5 deletions(-)
Merging leds/for-next (a534769305ec leds: core: Fix brightness setting upon hardware blinking enabled)
$ git merge leds/for-next
Auto-merging MAINTAINERS
Merge made by the 'recursive' strategy.
 Documentation/leds/leds-class.txt |  4 ++--
 MAINTAINERS                       |  1 +
 drivers/leds/led-core.c           |  9 ++++++---
 include/linux/leds.h              | 23 ++++++++++++-----------
 4 files changed, 21 insertions(+), 16 deletions(-)
Merging ipmi/for-next (a1b4e31bfabb IPMI: reserve memio regions separately)
$ git merge ipmi/for-next
Merge made by the 'recursive' strategy.
Merging driver-core/driver-core-next (1a695a905c18 Linux 4.7-rc1)
$ git merge driver-core/driver-core-next
Already up-to-date.
Merging tty/tty-next (1a695a905c18 Linux 4.7-rc1)
$ git merge tty/tty-next
Already up-to-date.
Merging usb/usb-next (1a695a905c18 Linux 4.7-rc1)
$ git merge usb/usb-next
Already up-to-date.
Merging usb-gadget/next (2a58f9c12bb3 usb: dwc3: gadget: disable automatic calculation of ACK TP NUMP)
$ git merge usb-gadget/next
Already up-to-date.
Merging usb-serial/usb-next (b923c6c62981 USB: serial: ti_usb_3410_5052: add MOXA UPORT 11x0 support)
$ git merge usb-serial/usb-next
Already up-to-date.
Merging usb-chipidea-next/ci-for-usb-next (764763f0a0c8 doc: usb: chipidea: update the doc for OTG FSM)
$ git merge usb-chipidea-next/ci-for-usb-next
Already up-to-date.
Merging staging/staging-next (1a695a905c18 Linux 4.7-rc1)
$ git merge staging/staging-next
Already up-to-date.
Merging char-misc/char-misc-next (1a695a905c18 Linux 4.7-rc1)
$ git merge char-misc/char-misc-next
Already up-to-date.
Merging extcon/extcon-next (bd3adefe7ea1 extcon: usb-gpio: add support for ACPI gpio interface)
$ git merge extcon/extcon-next
Merge made by the 'recursive' strategy.
 drivers/extcon/extcon-usb-gpio.c | 32 ++++++++++++++++++--------------
 1 file changed, 18 insertions(+), 14 deletions(-)
Merging cgroup/for-next (332d8a2fd141 cgroup: set css->id to -1 during init)
$ git merge cgroup/for-next
Merge made by the 'recursive' strategy.
 kernel/cgroup.c | 6 ++----
 1 file changed, 2 insertions(+), 4 deletions(-)
Merging scsi/for-next (787ab6e97024 aacraid: do not activate events on non-SRC adapters)
$ git merge scsi/for-next
Already up-to-date.
Merging target-updates/for-next (8f0dfb3d8b11 iscsi-target: Fix early sk_data_ready LOGIN_FLAGS_READY race)
$ git merge target-updates/for-next
Already up-to-date.
Merging target-merge/for-next-merge (2994a7518317 cxgb4: update Kconfig and Makefile)
$ git merge target-merge/for-next-merge
Already up-to-date.
Merging libata/for-next (5219d6530ef0 ata: Use IS_ENABLED() instead of checking for built-in or module)
$ git merge libata/for-next
Auto-merging MAINTAINERS
Merge made by the 'recursive' strategy.
 MAINTAINERS                | 1 +
 drivers/ata/ahci.c         | 2 +-
 drivers/ata/pata_atiixp.c  | 4 ++--
 drivers/ata/pata_marvell.c | 2 +-
 4 files changed, 5 insertions(+), 4 deletions(-)
Merging pinctrl/for-next (a02fcf38ade9 Merge branch 'devel' into for-next)
$ git merge pinctrl/for-next
Auto-merging MAINTAINERS
Merge made by the 'recursive' strategy.
 .../devicetree/bindings/gpio/gpio_oxnas.txt        |   47 +
 .../devicetree/bindings/pinctrl/oxnas,pinctrl.txt  |   57 ++
 .../bindings/pinctrl/pinctrl-max77620.txt          |  127 +++
 MAINTAINERS                                        |    1 +
 drivers/pinctrl/Kconfig                            |   21 +
 drivers/pinctrl/Makefile                           |    2 +
 drivers/pinctrl/core.c                             |   25 +-
 drivers/pinctrl/core.h                             |    2 +
 drivers/pinctrl/freescale/pinctrl-imx.c            |   26 +-
 drivers/pinctrl/mediatek/pinctrl-mtk-common.c      |    5 +-
 drivers/pinctrl/meson/pinctrl-meson-gxbb.c         |  163 ++-
 drivers/pinctrl/nomadik/pinctrl-nomadik.c          |    2 +-
 drivers/pinctrl/pinconf-generic.c                  |   14 +-
 drivers/pinctrl/pinconf.c                          |    8 +-
 drivers/pinctrl/pinctrl-digicolor.c                |    2 +
 drivers/pinctrl/pinctrl-max77620.c                 |  678 +++++++++++++
 drivers/pinctrl/pinctrl-oxnas.c                    |  846 ++++++++++++++++
 drivers/pinctrl/pinmux.c                           |   16 +-
 drivers/pinctrl/samsung/pinctrl-exynos5440.c       |    1 +
 drivers/pinctrl/samsung/pinctrl-samsung.c          |    1 +
 drivers/pinctrl/stm32/pinctrl-stm32.c              |   31 +-
 drivers/pinctrl/tegra/pinctrl-tegra.c              |    8 +-
 drivers/pinctrl/tegra/pinctrl-tegra.h              |    6 +-
 drivers/pinctrl/tegra/pinctrl-tegra114.c           |    4 +-
 drivers/pinctrl/tegra/pinctrl-tegra124.c           |    4 +-
 drivers/pinctrl/tegra/pinctrl-tegra20.c            |    6 +-
 drivers/pinctrl/tegra/pinctrl-tegra210.c           |    4 +-
 drivers/pinctrl/tegra/pinctrl-tegra30.c            |    4 +-
 drivers/pinctrl/uniphier/Kconfig                   |   20 +-
 drivers/pinctrl/uniphier/Makefile                  |    2 +
 drivers/pinctrl/uniphier/pinctrl-uniphier-core.c   |  298 +++---
 drivers/pinctrl/uniphier/pinctrl-uniphier-ld11.c   |  956 ++++++++++++++++++
 drivers/pinctrl/uniphier/pinctrl-uniphier-ld20.c   | 1037 ++++++++++++++++++++
 drivers/pinctrl/uniphier/pinctrl-uniphier-ld4.c    |  480 +++++----
 drivers/pinctrl/uniphier/pinctrl-uniphier-ld6b.c   |  595 +++++------
 drivers/pinctrl/uniphier/pinctrl-uniphier-pro4.c   |  787 ++++++++-------
 drivers/pinctrl/uniphier/pinctrl-uniphier-pro5.c   |  653 ++++++------
 drivers/pinctrl/uniphier/pinctrl-uniphier-pxs2.c   |  581 +++++------
 drivers/pinctrl/uniphier/pinctrl-uniphier-sld8.c   |  441 +++++----
 drivers/pinctrl/uniphier/pinctrl-uniphier.h        |   59 +-
 40 files changed, 6101 insertions(+), 1919 deletions(-)
 create mode 100644 Documentation/devicetree/bindings/gpio/gpio_oxnas.txt
 create mode 100644 Documentation/devicetree/bindings/pinctrl/oxnas,pinctrl.txt
 create mode 100644 Documentation/devicetree/bindings/pinctrl/pinctrl-max77620.txt
 create mode 100644 drivers/pinctrl/pinctrl-max77620.c
 create mode 100644 drivers/pinctrl/pinctrl-oxnas.c
 create mode 100644 drivers/pinctrl/uniphier/pinctrl-uniphier-ld11.c
 create mode 100644 drivers/pinctrl/uniphier/pinctrl-uniphier-ld20.c
Merging vhost/linux-next (bb991288728e ringtest: pass buf != NULL)
$ git merge vhost/linux-next
Already up-to-date.
Merging remoteproc/for-next (7a6271a80cae remoteproc/wkup_m3: Use MODULE_DEVICE_TABLE to export alias)
$ git merge remoteproc/for-next
Merge made by the 'recursive' strategy.
Merging rpmsg/for-next (da5cb422f15d Merge branches 'rpmsg-next' and 'rproc-next' into for-next)
$ git merge rpmsg/for-next
Auto-merging MAINTAINERS
Merge made by the 'recursive' strategy.
 MAINTAINERS | 3 ++-
 1 file changed, 2 insertions(+), 1 deletion(-)
Merging gpio/for-next (63e213fc63c0 Merge branch 'devel' into for-next)
$ git merge gpio/for-next
Merge made by the 'recursive' strategy.
 .../devicetree/bindings/gpio/gpio-max77620.txt     |  25 ++
 .../devicetree/bindings/gpio/gpio-pca953x.txt      |   1 +
 drivers/gpio/Kconfig                               |   9 +
 drivers/gpio/Makefile                              |   1 +
 drivers/gpio/gpio-max77620.c                       | 312 +++++++++++++++++++++
 drivers/gpio/gpio-pca953x.c                        |   1 +
 drivers/gpio/gpio-stmpe.c                          |  17 ++
 7 files changed, 366 insertions(+)
 create mode 100644 Documentation/devicetree/bindings/gpio/gpio-max77620.txt
 create mode 100644 drivers/gpio/gpio-max77620.c
Merging dma-mapping/dma-mapping-next (d770e558e219 Linux 4.2-rc1)
$ git merge dma-mapping/dma-mapping-next
Already up-to-date.
Merging pwm/for-next (18c588786c08 Merge branch 'for-4.7/pwm-atomic' into for-next)
$ git merge pwm/for-next
Already up-to-date.
Merging dma-buf/for-next (b02da6f82361 dma-buf: use vma_pages())
$ git merge dma-buf/for-next
Merge made by the 'recursive' strategy.
 Documentation/DocBook/device-drivers.tmpl | 36 ++++++++++++++--
 drivers/dma-buf/dma-buf.c                 |  7 +--
 drivers/dma-buf/reservation.c             | 72 +++++++++++++++++++++++++++++--
 include/linux/dma-buf.h                   | 13 ++++--
 include/linux/fence.h                     |  2 +
 include/linux/reservation.h               | 53 +++++++++++++++++++++++
 6 files changed, 169 insertions(+), 14 deletions(-)
Merging userns/for-next (f2ca379642d7 namei: permit linking with CAP_FOWNER in userns)
$ git merge userns/for-next
Already up-to-date.
Merging ktest/for-next (2dcd0af568b0 Linux 4.6)
$ git merge ktest/for-next
Already up-to-date.
Merging clk/clk-next (ef56b79b66fa clk: fix critical clock locking)
$ git merge clk/clk-next
Already up-to-date.
Merging aio/master (b562e44f507e Linux 4.5)
$ git merge aio/master
Already up-to-date.
Merging kselftest/next (6eab37daf0ec tools: testing: define the _GNU_SOURCE macro)
$ git merge kselftest/next
Already up-to-date.
Merging y2038/y2038 (4b277763c5b3 vfs: Add support to document max and min inode times)
$ git merge y2038/y2038
Auto-merging include/linux/fs.h
Merge made by the 'recursive' strategy.
 fs/afs/main.c      |  6 ++----
 include/linux/fs.h | 29 ++++++++++++++++++++++++++++-
 2 files changed, 30 insertions(+), 5 deletions(-)
Merging luto-misc/next (afd2ff9b7e1b Linux 4.4)
$ git merge luto-misc/next
Already up-to-date.
Merging borntraeger/linux-next (b562e44f507e Linux 4.5)
$ git merge borntraeger/linux-next
Already up-to-date.
Merging livepatching/for-next (6d9122078097 Merge branch 'for-4.7/core' into for-next)
$ git merge livepatching/for-next
Already up-to-date!
Merge made by the 'recursive' strategy.
Merging coresight/next (c568ba901f27 coresight: Handle build path error)
$ git merge coresight/next
Merge made by the 'recursive' strategy.
 drivers/hwtracing/coresight/coresight.c | 9 ++++++---
 1 file changed, 6 insertions(+), 3 deletions(-)
Merging rtc/rtc-next (95df4c078bf3 char/genrtc: remove the rest of the driver)
$ git merge rtc/rtc-next
Removing include/asm-generic/rtc.h
Removing drivers/char/genrtc.c
Removing arch/x86/include/asm/rtc.h
Removing arch/sh/include/asm/mc146818rtc.h
Removing arch/powerpc/include/asm/rtc.h
Removing arch/parisc/include/asm/rtc.h
Removing arch/parisc/include/asm/mc146818rtc.h
Removing arch/m68k/include/asm/rtc.h
Removing arch/ia64/include/asm/mc146818rtc.h
Removing arch/h8300/include/asm/mc146818rtc.h
Removing arch/frv/include/asm/mc146818rtc.h
Removing arch/alpha/include/asm/rtc.h
Auto-merging MAINTAINERS
Merge made by the 'recursive' strategy.
 MAINTAINERS                                  |   1 +
 arch/alpha/include/asm/rtc.h                 |   1 -
 arch/alpha/kernel/core_marvel.c              |   1 -
 arch/alpha/kernel/rtc.c                      |   6 +-
 arch/frv/include/asm/mc146818rtc.h           |  16 -
 arch/h8300/include/asm/mc146818rtc.h         |   9 -
 arch/ia64/include/asm/mc146818rtc.h          |  10 -
 arch/m68k/amiga/config.c                     |   1 -
 arch/m68k/apollo/config.c                    |   1 -
 arch/m68k/bvme6000/config.c                  |   1 -
 arch/m68k/hp300/config.c                     |   2 +-
 arch/m68k/include/asm/rtc.h                  |  79 ----
 arch/m68k/kernel/time.c                      |  48 ++-
 arch/m68k/mac/config.c                       |   3 +-
 arch/m68k/mac/misc.c                         |   1 -
 arch/m68k/mvme147/config.c                   |   1 -
 arch/m68k/mvme16x/config.c                   |   1 -
 arch/m68k/q40/config.c                       |   2 +-
 arch/m68k/sun3/config.c                      |   1 -
 arch/m68k/sun3/intersil.c                    |   2 +-
 arch/m68k/sun3x/time.c                       |   2 +-
 arch/mips/sni/time.c                         |   1 -
 arch/mn10300/include/asm/rtc.h               |   2 -
 arch/mn10300/kernel/rtc.c                    |   2 +-
 arch/mn10300/proc-mn103e010/proc-init.c      |   1 +
 arch/mn10300/proc-mn2ws0050/proc-init.c      |   1 +
 arch/parisc/include/asm/mc146818rtc.h        |   9 -
 arch/parisc/include/asm/rtc.h                | 131 -------
 arch/parisc/kernel/time.c                    |  36 +-
 arch/powerpc/include/asm/rtc.h               |  78 ----
 arch/powerpc/kernel/time.c                   |  29 +-
 arch/powerpc/platforms/Kconfig               |  11 +
 arch/powerpc/platforms/ps3/time.c            |   2 +-
 arch/sh/include/asm/mc146818rtc.h            |   7 -
 arch/sh/include/asm/rtc.h                    |  11 -
 arch/sh/kernel/time.c                        |  33 +-
 arch/x86/include/asm/mc146818rtc.h           |   1 -
 arch/x86/include/asm/rtc.h                   |   1 -
 arch/x86/kernel/hpet.c                       |   3 +-
 arch/x86/kernel/rtc.c                        |   3 +-
 arch/x86/platform/efi/efi.c                  |   1 -
 arch/x86/platform/efi/efi_64.c               |   1 +
 arch/x86/platform/intel-mid/intel_mid_vrtc.c |   1 +
 drivers/acpi/acpi_cmos_rtc.c                 |   2 +-
 drivers/base/power/trace.c                   |   6 +-
 drivers/char/Kconfig                         |  26 --
 drivers/char/Makefile                        |   1 -
 drivers/char/genrtc.c                        | 539 ---------------------------
 drivers/rtc/interface.c                      |  12 +-
 drivers/rtc/rtc-cmos.c                       |  12 +-
 drivers/rtc/rtc-generic.c                    |  36 +-
 drivers/rtc/rtc-mrst.c                       |   2 +-
 include/asm-generic/rtc.h                    | 247 ------------
 include/linux/mc146818rtc.h                  | 194 ++++++++++
 54 files changed, 374 insertions(+), 1257 deletions(-)
 delete mode 100644 arch/alpha/include/asm/rtc.h
 delete mode 100644 arch/frv/include/asm/mc146818rtc.h
 delete mode 100644 arch/h8300/include/asm/mc146818rtc.h
 delete mode 100644 arch/ia64/include/asm/mc146818rtc.h
 delete mode 100644 arch/m68k/include/asm/rtc.h
 delete mode 100644 arch/parisc/include/asm/mc146818rtc.h
 delete mode 100644 arch/parisc/include/asm/rtc.h
 delete mode 100644 arch/powerpc/include/asm/rtc.h
 delete mode 100644 arch/sh/include/asm/mc146818rtc.h
 delete mode 100644 arch/x86/include/asm/rtc.h
 delete mode 100644 drivers/char/genrtc.c
 delete mode 100644 include/asm-generic/rtc.h
Merging hwspinlock/for-next (bd5717a4632c hwspinlock: qcom: Correct msb in regmap_field)
$ git merge hwspinlock/for-next
Already up-to-date.
Merging nvdimm/libnvdimm-for-next (36092ee8ba69 Merge branch 'for-4.7/dax' into libnvdimm-for-next)
$ git merge nvdimm/libnvdimm-for-next
Already up-to-date.
Merging dax-misc/dax-misc (4d9a2c874667 dax: Remove i_mmap_lock protection)
$ git merge dax-misc/dax-misc
Already up-to-date.
Merging akpm-current/current (602525d7e860 ipc/msg.c: use freezable blocking call)
$ git merge --no-ff akpm-current/current
Resolved 'fs/binfmt_flat.c' using previous resolution.
Resolved 'net/9p/client.c' using previous resolution.
Resolved 'sound/soc/qcom/lpass-platform.c' using previous resolution.
Auto-merging sound/soc/qcom/lpass-platform.c
CONFLICT (content): Merge conflict in sound/soc/qcom/lpass-platform.c
Auto-merging net/9p/client.c
CONFLICT (content): Merge conflict in net/9p/client.c
Auto-merging mm/memory_hotplug.c
Auto-merging lib/Makefile
Auto-merging lib/Kconfig.debug
Auto-merging kernel/futex.c
Auto-merging include/linux/memory_hotplug.h
Auto-merging fs/binfmt_flat.c
CONFLICT (content): Merge conflict in fs/binfmt_flat.c
Auto-merging arch/s390/configs/zfcpdump_defconfig
Auto-merging arch/s390/configs/performance_defconfig
Auto-merging arch/s390/configs/gcov_defconfig
Auto-merging arch/s390/configs/default_defconfig
Auto-merging arch/arm/configs/sunxi_defconfig
Auto-merging arch/arm/configs/multi_v7_defconfig
Auto-merging arch/arm/configs/exynos_defconfig
Automatic merge failed; fix conflicts and then commit the result.
$ git commit -v -a
[master 22eced3ad5a2] Merge branch 'akpm-current/current'
$ git diff -M --stat --summary HEAD^..
 Documentation/kdump/gdbmacros.txt                  |  93 +++++-
 Documentation/kernel-parameters.txt                |   6 +-
 arch/arm/configs/axm55xx_defconfig                 |   2 +-
 arch/arm/configs/bcm2835_defconfig                 |   2 +-
 arch/arm/configs/bcm_defconfig                     |   2 +-
 arch/arm/configs/colibri_pxa270_defconfig          |   2 +-
 arch/arm/configs/colibri_pxa300_defconfig          |   2 +-
 arch/arm/configs/dove_defconfig                    |   2 +-
 arch/arm/configs/efm32_defconfig                   |   2 +-
 arch/arm/configs/exynos_defconfig                  |   2 +-
 arch/arm/configs/ezx_defconfig                     |   2 +-
 arch/arm/configs/h5000_defconfig                   |   2 +-
 arch/arm/configs/hisi_defconfig                    |   2 +-
 arch/arm/configs/imote2_defconfig                  |   2 +-
 arch/arm/configs/imx_v6_v7_defconfig               |   2 +-
 arch/arm/configs/keystone_defconfig                |   2 +-
 arch/arm/configs/lpc18xx_defconfig                 |   2 +-
 arch/arm/configs/magician_defconfig                |   2 +-
 arch/arm/configs/mmp2_defconfig                    |   2 +-
 arch/arm/configs/moxart_defconfig                  |   2 +-
 arch/arm/configs/multi_v7_defconfig                |   2 +-
 arch/arm/configs/mvebu_v7_defconfig                |   2 +-
 arch/arm/configs/mxs_defconfig                     |   2 +-
 arch/arm/configs/omap2plus_defconfig               |   2 +-
 arch/arm/configs/pxa168_defconfig                  |   2 +-
 arch/arm/configs/pxa3xx_defconfig                  |   2 +-
 arch/arm/configs/pxa910_defconfig                  |   2 +-
 arch/arm/configs/pxa_defconfig                     |   2 +-
 arch/arm/configs/qcom_defconfig                    |   2 +-
 arch/arm/configs/raumfeld_defconfig                |   2 +-
 arch/arm/configs/shmobile_defconfig                |   2 +-
 arch/arm/configs/socfpga_defconfig                 |   2 +-
 arch/arm/configs/stm32_defconfig                   |   2 +-
 arch/arm/configs/sunxi_defconfig                   |   2 +-
 arch/arm/configs/tegra_defconfig                   |   2 +-
 arch/arm/configs/u300_defconfig                    |   2 +-
 arch/arm/configs/u8500_defconfig                   |   2 +-
 arch/arm/configs/vt8500_v6_v7_defconfig            |   2 +-
 arch/arm/configs/xcep_defconfig                    |   2 +-
 arch/arm/configs/zx_defconfig                      |   2 +-
 arch/arm/include/asm/page.h                        |   2 +
 arch/arm64/configs/defconfig                       |   2 +-
 arch/mips/configs/bcm47xx_defconfig                |   2 +-
 arch/mips/configs/bmips_be_defconfig               |   2 +-
 arch/mips/configs/bmips_stb_defconfig              |   2 +-
 arch/mips/configs/ci20_defconfig                   |   2 +-
 arch/mips/configs/lemote2f_defconfig               |   2 +-
 arch/mips/configs/loongson3_defconfig              |   2 +-
 arch/mips/configs/nlm_xlp_defconfig                |   2 +-
 arch/mips/configs/nlm_xlr_defconfig                |   2 +-
 arch/mips/configs/pistachio_defconfig              |   2 +-
 arch/mips/configs/qi_lb60_defconfig                |   2 +-
 arch/mips/configs/rt305x_defconfig                 |   2 +-
 arch/mips/configs/xway_defconfig                   |   2 +-
 arch/parisc/configs/generic-64bit_defconfig        |   2 +-
 arch/powerpc/configs/40x/virtex_defconfig          |   2 +-
 arch/powerpc/configs/44x/virtex5_defconfig         |   2 +-
 arch/powerpc/configs/44x/warp_defconfig            |   2 +-
 arch/powerpc/configs/52xx/cm5200_defconfig         |   2 +-
 arch/powerpc/configs/52xx/lite5200b_defconfig      |   2 +-
 arch/powerpc/configs/52xx/motionpro_defconfig      |   2 +-
 arch/powerpc/configs/52xx/tqm5200_defconfig        |   2 +-
 arch/powerpc/configs/gamecube_defconfig            |   2 +-
 arch/powerpc/configs/mpc5200_defconfig             |   2 +-
 arch/powerpc/configs/pasemi_defconfig              |   2 +-
 arch/powerpc/configs/wii_defconfig                 |   2 +-
 arch/s390/configs/default_defconfig                |   2 +-
 arch/s390/configs/gcov_defconfig                   |   2 +-
 arch/s390/configs/performance_defconfig            |   2 +-
 arch/s390/configs/zfcpdump_defconfig               |   2 +-
 arch/sh/configs/edosk7760_defconfig                |   2 +-
 arch/sh/configs/sdk7786_defconfig                  |   2 +-
 arch/sh/configs/se7722_defconfig                   |   2 +-
 arch/sh/configs/sh7785lcr_32bit_defconfig          |   2 +-
 arch/sh/configs/urquell_defconfig                  |   2 +-
 arch/sparc/configs/sparc64_defconfig               |   2 +-
 arch/x86/configs/i386_defconfig                    |   2 +-
 arch/x86/configs/x86_64_defconfig                  |   2 +-
 arch/x86/kernel/machine_kexec_64.c                 |   1 +
 arch/xtensa/configs/audio_kc705_defconfig          |   2 +-
 arch/xtensa/configs/generic_kc705_defconfig        |   2 +-
 arch/xtensa/configs/nommu_kc705_defconfig          |   2 +-
 arch/xtensa/configs/smp_lx200_defconfig            |   2 +-
 block/genhd.c                                      |   2 +-
 drivers/base/memory.c                              |  28 +-
 drivers/tty/sysrq.c                                |   1 +
 fs/ext4/fsync.c                                    |   5 +-
 fs/ocfs2/stackglue.c                               |   2 -
 fs/reiserfs/ibalance.c                             |   6 +-
 include/linux/crc64_ecma.h                         |  56 ++++
 include/linux/kexec.h                              |   2 +
 include/linux/memory_hotplug.h                     |   2 +
 include/linux/mmzone.h                             |   1 -
 include/linux/oom.h                                |   8 +-
 include/linux/page_idle.h                          |  43 ++-
 include/linux/sem.h                                |   1 +
 include/linux/timekeeping.h                        |   1 +
 include/linux/vmstat.h                             |   6 +
 include/trace/events/huge_memory.h                 |  38 ++-
 ipc/msg.c                                          |   5 +-
 ipc/sem.c                                          | 124 ++++----
 kernel/futex.c                                     |   2 +
 kernel/kexec_core.c                                |  16 +-
 kernel/printk/printk.c                             |  76 ++++-
 kernel/time/timekeeping.c                          |  13 +
 lib/Kconfig                                        |   7 +
 lib/Kconfig.debug                                  |  19 +-
 lib/Makefile                                       |   1 +
 lib/crc64_ecma.c                                   | 341 +++++++++++++++++++++
 mm/huge_memory.c                                   | 187 +++++++++--
 mm/internal.h                                      |   4 +
 mm/memblock.c                                      |   3 +
 mm/memcontrol.c                                    |  14 +-
 mm/memory.c                                        |   2 +-
 mm/memory_hotplug.c                                |  70 ++++-
 mm/oom_kill.c                                      |  36 +--
 mm/page_alloc.c                                    |  24 +-
 mm/page_owner.c                                    |  26 ++
 mm/page_poison.c                                   |   8 +-
 mm/vmalloc.c                                       |   9 +-
 mm/vmstat.c                                        |  14 +
 mm/z3fold.c                                        |  24 +-
 samples/kprobes/jprobe_example.c                   |   6 +-
 samples/kprobes/kprobe_example.c                   |  29 +-
 samples/kprobes/kretprobe_example.c                |  14 +-
 scripts/Makefile.lib                               |   2 +-
 scripts/checkpatch.pl                              |   1 +
 .../selftests/rcutorture/configs/lock/CFcommon     |   2 +-
 .../selftests/rcutorture/configs/rcu/CFcommon      |   2 +-
 129 files changed, 1224 insertions(+), 319 deletions(-)
 create mode 100644 include/linux/crc64_ecma.h
 create mode 100644 lib/crc64_ecma.c
$ git clone -s -l -n -q . ../rebase-tmp
$ cd ../rebase-tmp
$ git checkout -b akpm remotes/origin/akpm/master
Switched to a new branch 'akpm'
$ git rebase --onto master remotes/origin/akpm/master-base
First, rewinding head to replay your work on top of it...
Applying: mm: make optimistic check for swapin readahead fix
Applying: drivers/net/wireless/intel/iwlwifi/dvm/calib.c: simplfy min() expression
Applying: drivers/fpga/Kconfig: fix build failure
$ cd ../next
$ git fetch -f ../rebase-tmp akpm:akpm/master
From ../rebase-tmp
 + a62a05d3e5b2...200f147a6c83 akpm       -> akpm/master  (forced update)
$ rm -rf ../rebase-tmp
Merging akpm/master (200f147a6c83 drivers/fpga/Kconfig: fix build failure)
$ git merge --no-ff akpm/master
Merge made by the 'recursive' strategy.
 drivers/fpga/Kconfig                           | 1 +
 drivers/net/wireless/intel/iwlwifi/dvm/calib.c | 3 +--
 mm/huge_memory.c                               | 3 ++-
 3 files changed, 4 insertions(+), 3 deletions(-)
